\BOOKMARK [1][-]{section.1}{\376\377\000B\000o\000x\000\040\000M\000a\000c\000r\000o\000s}{}% 1
\BOOKMARK [2][-]{subsection.1.1}{\376\377\000E\000x\000a\000m\000e\000n\000b\000o\000x\000\040\000\050\000C\000o\000m\000p\000a\000c\000t\000\040\000S\000t\000i\000j\000l\000\051}{section.1}% 2
\BOOKMARK [2][-]{subsection.1.2}{\376\377\000C\000o\000n\000c\000e\000p\000t\000b\000o\000x}{section.1}% 3
\BOOKMARK [2][-]{subsection.1.3}{\376\377\000W\000a\000r\000n\000i\000n\000g\000b\000o\000x}{section.1}% 4
\BOOKMARK [2][-]{subsection.1.4}{\376\377\000O\000e\000f\000e\000n\000b\000l\000o\000k}{section.1}% 5
\BOOKMARK [1][-]{section.2}{\376\377\000F\000o\000r\000m\000u\000l\000e\000\040\000M\000a\000c\000r\000o\000s}{}% 6
\BOOKMARK [2][-]{subsection.2.1}{\376\377\000F\000o\000r\000m\000u\000l\000a\000\040\000b\000o\000x\000\040\000\050\000\134\000f\000r\000m\000\051}{section.2}% 7
\BOOKMARK [2][-]{subsection.2.2}{\376\377\000B\000o\000x\000e\000d\000\040\000v\000e\000r\000g\000e\000l\000i\000j\000k\000i\000n\000g}{section.2}% 8
\BOOKMARK [1][-]{section.3}{\376\377\000T\000e\000x\000t\000\040\000E\000m\000p\000h\000a\000s\000i\000s}{}% 9
\BOOKMARK [1][-]{section.4}{\376\377\000M\000a\000t\000h\000\040\000S\000h\000o\000r\000t\000c\000u\000t\000s}{}% 10
\BOOKMARK [2][-]{subsection.4.1}{\376\377\000D\000i\000f\000f\000e\000r\000e\000n\000t\000i\000a\000l\000e\000n}{section.4}% 11
\BOOKMARK [2][-]{subsection.4.2}{\376\377\000V\000e\000c\000t\000o\000r\000e\000n\000\040\000e\000n\000\040\000M\000a\000t\000r\000i\000c\000e\000s}{section.4}% 12
\BOOKMARK [2][-]{subsection.4.3}{\376\377\000V\000e\000r\000z\000a\000m\000e\000l\000i\000n\000g\000e\000n}{section.4}% 13
\BOOKMARK [2][-]{subsection.4.4}{\376\377\000H\000a\000a\000k\000j\000e\000s\000\040\000e\000n\000\040\000N\000o\000r\000m\000e\000n\000\040\000\050\000A\000u\000t\000o\000-\000s\000c\000a\000l\000i\000n\000g\000\051}{section.4}% 14
\BOOKMARK [2][-]{subsection.4.5}{\376\377\000S\000n\000e\000l\000l\000e\000\040\000B\000r\000e\000u\000k\000e\000n}{section.4}% 15
\BOOKMARK [1][-]{section.5}{\376\377\000F\000i\000g\000u\000r\000e\000n}{}% 16
\BOOKMARK [2][-]{subsection.5.1}{\376\377\000S\000t\000a\000n\000d\000a\000a\000r\000d\000\040\000f\000i\000g\000u\000u\000r\000\040\000\050\000\134\000f\000i\000g\000\051}{section.5}% 17
\BOOKMARK [2][-]{subsection.5.2}{\376\377\000A\000u\000t\000o\000\040\000f\000i\000g\000u\000u\000r\000\040\000\050\000\134\000a\000u\000t\000o\000f\000i\000g\000\051}{section.5}% 18
\BOOKMARK [2][-]{subsection.5.3}{\376\377\000S\000i\000m\000p\000e\000l\000\040\000i\000m\000a\000g\000e\000\040\000\050\000\134\000i\000m\000g\000\051}{section.5}% 19
\BOOKMARK [1][-]{section.6}{\376\377\000S\000y\000m\000b\000o\000l\000e\000n}{}% 20
\BOOKMARK [2][-]{subsection.6.1}{\376\377\000S\000y\000m\000b\000o\000l\000\040\000r\000e\000g\000i\000s\000t\000r\000a\000t\000i\000e\000\040\000\050\000\134\000s\000y\000m\000\051}{section.6}% 21
\BOOKMARK [1][-]{section.7}{\376\377\000C\000r\000o\000s\000s\000-\000R\000e\000f\000e\000r\000e\000n\000c\000e\000s\000\040\000\050\000N\000e\000d\000e\000r\000l\000a\000n\000d\000s\000\051}{}% 22
\BOOKMARK [1][-]{section.8}{\376\377\000U\000t\000i\000l\000i\000t\000y\000\040\000M\000a\000c\000r\000o\000s}{}% 23
\BOOKMARK [2][-]{subsection.8.1}{\376\377\000T\000O\000D\000O\000\040\000m\000a\000r\000k\000e\000r\000s}{section.8}% 24
\BOOKMARK [2][-]{subsection.8.2}{\376\377\000D\000e\000g\000r\000e\000e\000\040\000s\000y\000m\000b\000o\000o\000l}{section.8}% 25
\BOOKMARK [1][-]{section.9}{\376\377\000L\000i\000s\000t\000s\000\040\000m\000e\000t\000\040\000e\000n\000u\000m\000i\000t\000e\000m}{}% 26
\BOOKMARK [2][-]{subsection.9.1}{\376\377\000G\000e\000n\000u\000m\000m\000e\000r\000d\000e\000\040\000l\000i\000j\000s\000t}{section.9}% 27
\BOOKMARK [2][-]{subsection.9.2}{\376\377\000B\000u\000l\000l\000e\000t\000\040\000l\000i\000j\000s\000t}{section.9}% 28
\BOOKMARK [2][-]{subsection.9.3}{\376\377\000B\000e\000s\000c\000h\000r\000i\000j\000v\000i\000n\000g\000s\000l\000i\000j\000s\000t}{section.9}% 29
\BOOKMARK [1][-]{section.10}{\376\377\000T\000a\000b\000e\000l\000l\000e\000n}{}% 30
\BOOKMARK [2][-]{subsection.10.1}{\376\377\000B\000a\000s\000i\000s\000\040\000t\000a\000b\000e\000l\000\040\000m\000e\000t\000\040\000b\000o\000o\000k\000t\000a\000b\000s}{section.10}% 31
\BOOKMARK [2][-]{subsection.10.2}{\376\377\000T\000a\000b\000e\000l\000\040\000m\000e\000t\000\040\000l\000a\000n\000g\000e\000\040\000t\000e\000k\000s\000t\000\040\000\050\000t\000a\000b\000u\000l\000a\000r\000x\000\051}{section.10}% 32
\BOOKMARK [1][-]{section.11}{\376\377\000G\000r\000a\000f\000i\000e\000k\000e\000n\000\040\000m\000e\000t\000\040\000T\000i\000k\000Z\000/\000P\000G\000F\000P\000l\000o\000t\000s}{}% 33
\BOOKMARK [2][-]{subsection.11.1}{\376\377\000F\000u\000n\000c\000t\000i\000e\000\040\000P\000l\000o\000t}{section.11}% 34
\BOOKMARK [2][-]{subsection.11.2}{\376\377\000D\000a\000t\000a\000\040\000P\000l\000o\000t}{section.11}% 35
\BOOKMARK [2][-]{subsection.11.3}{\376\377\000E\000e\000n\000v\000o\000u\000d\000i\000g\000\040\000T\000i\000k\000Z\000\040\000D\000i\000a\000g\000r\000a\000m}{section.11}% 36
\BOOKMARK [1][-]{section.12}{\376\377\000G\000e\000a\000v\000a\000n\000c\000e\000e\000r\000d\000e\000\040\000L\000a\000y\000o\000u\000t}{}% 37
\BOOKMARK [2][-]{subsection.12.1}{\376\377\000T\000e\000k\000s\000t\000\040\000n\000a\000a\000s\000t\000\040\000F\000i\000g\000u\000u\000r\000\040\000\050\000m\000i\000n\000i\000p\000a\000g\000e\000\051}{section.12}% 38
\BOOKMARK [2][-]{subsection.12.2}{\376\377\000M\000u\000l\000t\000i\000p\000l\000e\000\040\000k\000o\000l\000o\000m\000m\000e\000n}{section.12}% 39
\BOOKMARK [1][-]{section.13}{\376\377\000W\000o\000r\000k\000f\000l\000o\000w\000\040\000T\000i\000p\000s}{}% 40
\BOOKMARK [2][-]{subsection.13.1}{\376\377\000B\000e\000l\000a\000n\000g\000r\000i\000j\000k}{section.13}% 41
\BOOKMARK [2][-]{subsection.13.2}{\376\377\000T\000y\000p\000i\000s\000c\000h\000\040\000D\000o\000c\000u\000m\000e\000n\000t\000\040\000S\000t\000r\000u\000c\000t\000u\000u\000r}{section.13}% 42
