\BOOKMARK [1][-]{section.1}{\376\377\000f\000o\000r\000m\000u\000l\000a\000r\000i\000u\000m}{}% 1
\BOOKMARK [2][-]{subsection.1.1}{\376\377\000I\000n\000t\000r\000o\000d\000u\000c\000t\000i\000e}{section.1}% 2
\BOOKMARK [1][-]{section.2}{\376\377\000M\000o\000d\000u\000l\000e\000\040\0001\000:\000\040\000M\000a\000r\000k\000e\000t\000i\000n\000g}{}% 3
\BOOKMARK [2][-]{subsection.2.1}{\376\377\000M\000a\000r\000k\000e\000t\000i\000n\000g}{section.2}% 4
\BOOKMARK [2][-]{subsection.2.2}{\376\377\000M\000a\000r\000k\000t\000m\000a\000n\000a\000g\000e\000m\000e\000n\000t}{section.2}% 5
\BOOKMARK [2][-]{subsection.2.3}{\376\377\000S\000e\000g\000m\000e\000n\000t\000a\000t\000i\000e}{section.2}% 6
\BOOKMARK [2][-]{subsection.2.4}{\376\377\000P\000r\000o\000d\000u\000c\000t\000\040\000L\000i\000f\000e\000\040\000C\000y\000c\000l\000e}{section.2}% 7
\BOOKMARK [2][-]{subsection.2.5}{\376\377\000P\000r\000i\000j\000s\000z\000e\000t\000t\000i\000n\000g}{section.2}% 8
\BOOKMARK [3][-]{subsubsection.2.5.1}{\376\377\000I\000n\000t\000e\000r\000n\000e\000\040\000f\000a\000c\000t\000o\000r\000e\000n}{subsection.2.5}% 9
\BOOKMARK [3][-]{subsubsection.2.5.2}{\376\377\000E\000x\000t\000e\000r\000n\000e\000\040\000f\000a\000c\000t\000o\000r\000e\000n}{subsection.2.5}% 10
\BOOKMARK [2][-]{subsection.2.6}{\376\377\000P\000r\000i\000j\000s\000z\000e\000t\000t\000i\000n\000g\000s\000m\000e\000t\000h\000o\000d\000e\000s}{section.2}% 11
\BOOKMARK [3][-]{subsubsection.2.6.1}{\376\377\000N\000i\000e\000u\000w\000e\000\040\000p\000r\000o\000d\000u\000c\000t\000e\000n}{subsection.2.6}% 12
\BOOKMARK [3][-]{subsubsection.2.6.2}{\376\377\000A\000s\000s\000o\000r\000t\000i\000m\000e\000n\000t\000\040\000p\000r\000o\000d\000u\000c\000t\000e\000n}{subsection.2.6}% 13
\BOOKMARK [3][-]{subsubsection.2.6.3}{\376\377\000P\000r\000i\000j\000s\000a\000a\000n\000p\000a\000s\000s\000t\000r\000a\000t\000e\000g\000i\000e\000\353\000n}{subsection.2.6}% 14
\BOOKMARK [1][-]{section.3}{\376\377\000M\000o\000d\000u\000l\000e\000\040\0002\000:\000\040\000L\000i\000n\000e\000a\000i\000r\000\040\000P\000r\000o\000g\000r\000a\000m\000m\000e\000r\000e\000n}{}% 15
\BOOKMARK [2][-]{subsection.3.1}{\376\377\000S\000i\000m\000p\000l\000e\000x\000\040\000M\000e\000t\000h\000o\000d\000e}{section.3}% 16
\BOOKMARK [2][-]{subsection.3.2}{\376\377\000S\000i\000m\000p\000l\000e\000x\000\040\000M\000e\000t\000h\000o\000d\000e\000:\000\040\000V\000o\000o\000r\000b\000e\000e\000l\000d}{section.3}% 17
\BOOKMARK [2][-]{subsection.3.3}{\376\377\000S\000e\000n\000s\000i\000t\000i\000v\000i\000t\000e\000i\000t\000s\000a\000n\000a\000l\000y\000s\000e}{section.3}% 18
\BOOKMARK [3][-]{subsubsection.3.3.1}{\376\377\000A\000.\000\040\000W\000a\000t\000\040\000a\000l\000s\000\040\000d\000e\000\040\000w\000i\000n\000s\000t\000\040\000p\000e\000r\000\040\000p\000r\000o\000d\000u\000c\000t\000\040\000v\000e\000r\000a\000n\000d\000e\000r\000t\000?}{subsection.3.3}% 19
\BOOKMARK [3][-]{subsubsection.3.3.2}{\376\377\000B\000.\000\040\000W\000a\000t\000\040\000a\000l\000s\000\040\000j\000e\000\040\000m\000e\000e\000r\000\040\000o\000f\000\040\000m\000i\000n\000d\000e\000r\000\040\000m\000a\000t\000e\000r\000i\000a\000a\000l\000\040\000h\000e\000b\000t\000?}{subsection.3.3}% 20
\BOOKMARK [3][-]{subsubsection.3.3.3}{\376\377\000C\000.\000\040\000H\000o\000e\000v\000e\000e\000l\000\040\000w\000a\000a\000r\000d\000\040\000i\000s\000\040\000\351\000\351\000n\000\040\000e\000x\000t\000r\000a\000\040\000e\000e\000n\000h\000e\000i\000d\000?}{subsection.3.3}% 21
\BOOKMARK [1][-]{section.4}{\376\377\000M\000o\000d\000u\000l\000e\000\040\0003\000:\000\040\000I\000n\000v\000e\000s\000t\000e\000r\000i\000n\000g}{}% 22
\BOOKMARK [2][-]{subsection.4.1}{\376\377\000I\000n\000f\000l\000a\000t\000i\000e}{section.4}% 23
\BOOKMARK [2][-]{subsection.4.2}{\376\377\000B\000a\000s\000i\000s\000g\000e\000g\000e\000v\000e\000n\000s\000\040\000i\000n\000v\000e\000s\000t\000e\000r\000i\000n\000g\000s\000e\000v\000a\000l\000u\000a\000t\000i\000e}{section.4}% 24
\BOOKMARK [2][-]{subsection.4.3}{\376\377\000A\000f\000s\000c\000h\000r\000i\000j\000v\000i\000n\000g\000e\000n}{section.4}% 25
\BOOKMARK [2][-]{subsection.4.4}{\376\377\000W\000a\000t\000\040\000m\000a\000g\000\040\000j\000e\000\040\000n\000u\000\040\000a\000f\000s\000c\000h\000r\000i\000j\000v\000e\000n\000?}{section.4}% 26
\BOOKMARK [2][-]{subsection.4.5}{\376\377\000S\000a\000m\000e\000n\000g\000e\000s\000t\000e\000l\000d\000e\000\040\000i\000n\000t\000e\000r\000e\000s\000t\000,\000\040\000a\000c\000t\000u\000a\000l\000i\000s\000a\000t\000i\000e\000,\000\040\000e\000n\000\040\000a\000n\000n\000u\000\357\000t\000e\000i\000t\000e\000n}{section.4}% 27
\BOOKMARK [2][-]{subsection.4.6}{\376\377\000A\000c\000t\000u\000a\000l\000i\000s\000a\000t\000i\000e\000\040\000e\000n\000\040\000a\000n\000n\000u\000\357\000t\000e\000i\000t\000e\000n}{section.4}% 28
\BOOKMARK [2][-]{subsection.4.7}{\376\377\000I\000n\000v\000e\000s\000t\000e\000r\000i\000n\000g\000s\000e\000v\000a\000l\000u\000a\000t\000i\000e\000\040\000m\000e\000t\000h\000o\000d\000e\000s}{section.4}% 29
\BOOKMARK [3][-]{subsubsection.4.7.1}{\376\377\000P\000a\000y\000b\000a\000c\000k\000-\000m\000e\000t\000h\000o\000d\000e}{subsection.4.7}% 30
\BOOKMARK [3][-]{subsubsection.4.7.2}{\376\377\000D\000i\000s\000c\000o\000u\000n\000t\000e\000d\000\040\000c\000a\000s\000h\000f\000l\000o\000w}{subsection.4.7}% 31
\BOOKMARK [1][-]{section.5}{\376\377\000M\000o\000d\000u\000l\000e\000\040\0004\000:\000\040\000K\000o\000s\000t\000p\000r\000i\000j\000s\000\040\000c\000a\000l\000c\000u\000l\000a\000t\000i\000e}{}% 32
\BOOKMARK [2][-]{subsection.5.1}{\376\377\000K\000o\000s\000t\000p\000r\000i\000j\000s\000\040\000e\000l\000e\000m\000e\000n\000t\000e\000n}{section.5}% 33
\BOOKMARK [3][-]{subsubsection.5.1.1}{\376\377\000F\000i\000f\000o\000\040\000e\000n\000\040\000L\000i\000f\000o}{subsection.5.1}% 34
\BOOKMARK [3][-]{subsubsection.5.1.2}{\376\377\000P\000r\000i\000m\000i\000t\000i\000e\000v\000e\000\040\000T\000o\000e\000s\000l\000a\000g\000\040\000m\000e\000t\000h\000o\000d\000e\000s}{subsection.5.1}% 35
\BOOKMARK [3][-]{subsubsection.5.1.3}{\376\377\000V\000e\000r\000f\000i\000j\000n\000d\000e\000\040\000t\000o\000e\000s\000l\000a\000g\000m\000e\000t\000h\000o\000d\000e}{subsection.5.1}% 36
\BOOKMARK [3][-]{subsubsection.5.1.4}{\376\377\000K\000o\000s\000t\000e\000n\000p\000l\000a\000a\000t\000s\000m\000e\000t\000h\000o\000d\000e}{subsection.5.1}% 37
\BOOKMARK [2][-]{subsection.5.2}{\376\377\000K\000o\000s\000t\000p\000r\000i\000j\000s\000b\000e\000r\000e\000k\000e\000n\000i\000n\000g\000\040\000m\000e\000t\000h\000o\000d\000e\000s}{section.5}% 38
\BOOKMARK [3][-]{subsubsection.5.2.1}{\376\377\000B\000r\000e\000a\000k\000-\000E\000v\000e\000n\000\040\000A\000n\000a\000l\000y\000s\000e}{subsection.5.2}% 39
\BOOKMARK [2][-]{subsection.5.3}{\376\377\000A\000c\000t\000i\000v\000i\000t\000y\000\040\000B\000a\000s\000e\000d\000\040\000C\000o\000s\000t\000i\000n\000g\000\040\000\050\000A\000B\000C\000\051}{section.5}% 40
\BOOKMARK [2][-]{subsection.5.4}{\376\377\000T\000a\000r\000g\000e\000t\000\040\000b\000a\000s\000e\000d\000\040\000c\000o\000s\000t\000i\000n\000g}{section.5}% 41
\BOOKMARK [1][-]{section.6}{\376\377\000M\000o\000d\000u\000l\000e\000\040\0005\000:\000\040\000A\000n\000a\000l\000y\000s\000e\000\040\000v\000a\000n\000\040\000e\000e\000n\000\040\000j\000a\000a\000r\000r\000e\000k\000e\000n\000i\000n\000g}{}% 42
\BOOKMARK [2][-]{subsubsection.6.0.1}{\376\377\000A\000c\000t\000i\000v\000a\000\040\000\050\000W\000a\000t\000\040\000b\000e\000z\000i\000t\000\040\000h\000e\000t\000\040\000b\000e\000d\000r\000i\000j\000f\000?\000\051}{section.6}% 43
\BOOKMARK [3][-]{subsubsection.6.0.2}{\376\377\000P\000a\000s\000s\000i\000v\000a\000\040\000\050\000W\000a\000a\000r\000\040\000k\000o\000m\000t\000\040\000h\000e\000t\000\040\000g\000e\000l\000d\000\040\000v\000a\000n\000d\000a\000a\000n\000?\000\051}{subsubsection.6.0.1}% 44
\BOOKMARK [2][-]{subsection.6.1}{\376\377\000D\000e\000\040\000b\000a\000l\000a\000n\000s}{section.6}% 45
\BOOKMARK [2][-]{subsection.6.2}{\376\377\000R\000e\000s\000u\000l\000t\000a\000t\000e\000n\000r\000e\000k\000e\000n\000i\000n\000g}{section.6}% 46
\BOOKMARK [2][-]{subsection.6.3}{\376\377\000A\000n\000a\000l\000y\000s\000e\000\040\000v\000a\000n\000\040\000d\000e\000\040\000j\000a\000a\000r\000r\000e\000k\000e\000n\000i\000n\000g}{section.6}% 47
\BOOKMARK [2][-]{subsection.6.4}{\376\377\000H\000o\000r\000i\000z\000o\000n\000t\000a\000l\000e\000\040\000a\000n\000a\000l\000y\000s\000e}{section.6}% 48
\BOOKMARK [2][-]{subsection.6.5}{\376\377\000V\000e\000r\000t\000i\000c\000a\000l\000e\000\040\000a\000n\000a\000l\000y\000s\000e}{section.6}% 49
\BOOKMARK [2][-]{subsection.6.6}{\376\377\000R\000a\000t\000i\000o\000-\000a\000n\000a\000l\000y\000s\000e}{section.6}% 50
\BOOKMARK [2][-]{subsection.6.7}{\376\377\000C\000o\000n\000c\000l\000u\000s\000i\000e}{section.6}% 51
\BOOKMARK [2][-]{subsection.6.8}{\376\377\000T\000e\000r\000m\000e\000n\000l\000i\000j\000s\000t\000\040\000M\000o\000d\000u\000l\000e\000\040\0005}{section.6}% 52
\BOOKMARK [3][-]{subsubsection.6.8.1}{\376\377\000B\000a\000s\000i\000s\000d\000o\000c\000u\000m\000e\000n\000t\000e\000n}{subsection.6.8}% 53
\BOOKMARK [3][-]{subsubsection.6.8.2}{\376\377\000A\000c\000t\000i\000v\000a\000\040\000\050\000B\000e\000z\000i\000t\000t\000i\000n\000g\000e\000n\000\051}{subsection.6.8}% 54
\BOOKMARK [3][-]{subsubsection.6.8.3}{\376\377\000P\000a\000s\000s\000i\000v\000a\000\040\000\050\000F\000i\000n\000a\000n\000c\000i\000e\000r\000i\000n\000g\000\051}{subsection.6.8}% 55
\BOOKMARK [3][-]{subsubsection.6.8.4}{\376\377\000R\000e\000s\000u\000l\000t\000a\000t\000e\000n\000r\000e\000k\000e\000n\000i\000n\000g}{subsection.6.8}% 56
\BOOKMARK [3][-]{subsubsection.6.8.5}{\376\377\000S\000t\000a\000n\000d\000a\000a\000r\000d\000e\000n\000\040\000\046\000\040\000V\000e\000r\000s\000l\000a\000g\000e\000n}{subsection.6.8}% 57
\BOOKMARK [3][-]{subsubsection.6.8.6}{\376\377\000A\000n\000a\000l\000y\000s\000e\000t\000y\000p\000e\000s}{subsection.6.8}% 58
\BOOKMARK [3][-]{subsubsection.6.8.7}{\376\377\000L\000i\000q\000u\000i\000d\000i\000t\000e\000i\000t}{subsection.6.8}% 59
\BOOKMARK [3][-]{subsubsection.6.8.8}{\376\377\000S\000o\000l\000v\000a\000b\000i\000l\000i\000t\000e\000i\000t}{subsection.6.8}% 60
\BOOKMARK [3][-]{subsubsection.6.8.9}{\376\377\000E\000f\000f\000i\000c\000i\000\353\000n\000t\000i\000e\000\040\000\050\000R\000o\000t\000a\000t\000i\000e\000\051}{subsection.6.8}% 61
\BOOKMARK [3][-]{subsubsection.6.8.10}{\376\377\000R\000e\000n\000t\000a\000b\000i\000l\000i\000t\000e\000i\000t}{subsection.6.8}% 62
\BOOKMARK [3][-]{subsubsection.6.8.11}{\376\377\000O\000v\000e\000r\000i\000g\000e\000\040\000b\000e\000l\000a\000n\000g\000r\000i\000j\000k\000e\000\040\000t\000e\000r\000m\000e\000n}{subsection.6.8}% 63
\BOOKMARK [1][-]{section.7}{\376\377\000E\000x\000a\000m\000e\000n\000v\000r\000a\000g\000e\000n}{}% 64
\BOOKMARK [1][-]{section.8}{\376\377\000E\000x\000a\000m\000e\000n\000t\000i\000p\000s}{}% 65
\BOOKMARK [1][-]{section.9}{\376\377\000S\000u\000c\000c\000e\000s}{}% 66
