This is pdfTeX, Version 3.141592653-2.6-1.40.27 (MiKTeX 25.4) (preloaded format=pdflatex 2025.12.16)  6 JAN 2026 17:40
entering extended mode
 restricted \write18 enabled.
 file:line:error style messages enabled.
 %&-line parsing enabled.
**./ProductieTechnologie-Samenvatting-RubenRyckaert.tex
(ProductieTechnologie-Samenvatting-RubenRyckaert.tex
LaTeX2e <2025-11-01>
L3 programming layer <2025-11-06>
(C:\Program Files\MiKTeX\tex/latex/base\report.cls
Document Class: report 2025/01/22 v1.4n Standard LaTeX document class
(C:\Program Files\MiKTeX\tex/latex/base\size12.clo
File: size12.clo 2025/01/22 v1.4n Standard LaTeX file (size option)
)
\c@part=\count275
\c@chapter=\count276
\c@section=\count277
\c@subsection=\count278
\c@subsubsection=\count279
\c@paragraph=\count280
\c@subparagraph=\count281
\c@figure=\count282
\c@table=\count283
\abovecaptionskip=\skip49
\belowcaptionskip=\skip50
\bibindent=\dimen148
) (C:\Program Files\MiKTeX\tex/latex/base\inputenc.sty
Package: inputenc 2024/02/08 v1.3d Input encoding file
\inpenc@prehook=\toks17
\inpenc@posthook=\toks18
) (C:\Program Files\MiKTeX\tex/generic/babel\babel.sty
Package: babel 2025/11/09 v25.15 The multilingual framework for LuaLaTeX, pdfLaTeX and XeLaTeX
\babel@savecnt=\count284
LaTeX Encoding Info:    Redeclaring text command \ij (encoding OT1) on input line 2050.
LaTeX Encoding Info:    Redeclaring text command \IJ (encoding OT1) on input line 2052.
LaTeX Encoding Info:    Redeclaring text command \ij (encoding T1) on input line 2054.
LaTeX Encoding Info:    Redeclaring text command \IJ (encoding T1) on input line 2055.
LaTeX Encoding Info:    Ignoring declaration for text command \ij (encoding ?) on input line 2056.
LaTeX Encoding Info:    Ignoring declaration for text command \IJ (encoding ?) on input line 2058.
LaTeX Encoding Info:    Ignoring declaration for text command \SS (encoding ?) on input line 2083.
\U@D=\dimen149
\l@unhyphenated=\language79
 (C:\Program Files\MiKTeX\tex/generic/babel\txtbabel.def)
\bbl@readstream=\read2
\bbl@dirlevel=\count285
Package babel Info: Configuration files are deprecated, as
(babel)             they can break document portability.
(babel)             Reported on input line 4175.

*************************************
* Local config file bblopts.cfg used
*
(C:\Program Files\MiKTeX\tex/latex/arabi\bblopts.cfg
File: bblopts.cfg 2005/09/08 v0.1 add Arabic and Farsi to "declared" options of babel
) (C:\Program Files\MiKTeX\tex/generic/babel/locale/nl\babel-dutch.tex)
Package babel Info: Importing font and identification data for dutch
(babel)             from babel-nl.ini. Reported on input line 4298.
 (C:\Users\ruben\AppData\Roaming\MiKTeX\tex/latex/babel-dutch\dutch.ldf
Language: dutch 2021/08/29 v3.8l Dutch support from the babel system
Package babel Info: Making " an active character on input line 127.
)) (C:\Program Files\MiKTeX\tex/latex/base\fontenc.sty
Package: fontenc 2025/07/18 v2.1d Standard LaTeX package
) (C:\Program Files\MiKTeX\tex/latex/base\textcomp.sty
Package: textcomp 2024/04/24 v2.1b Standard LaTeX package
) (C:\Program Files\MiKTeX\tex/latex/lm\lmodern.sty
Package: lmodern 2015/05/01 v1.6.1 Latin Modern Fonts
LaTeX Font Info:    Overwriting symbol font `operators' in version `normal'
(Font)                  OT1/cmr/m/n --> OT1/lmr/m/n on input line 22.
LaTeX Font Info:    Overwriting symbol font `letters' in version `normal'
(Font)                  OML/cmm/m/it --> OML/lmm/m/it on input line 23.
LaTeX Font Info:    Overwriting symbol font `symbols' in version `normal'
(Font)                  OMS/cmsy/m/n --> OMS/lmsy/m/n on input line 24.
LaTeX Font Info:    Overwriting symbol font `largesymbols' in version `normal'
(Font)                  OMX/cmex/m/n --> OMX/lmex/m/n on input line 25.
LaTeX Font Info:    Overwriting symbol font `operators' in version `bold'
(Font)                  OT1/cmr/bx/n --> OT1/lmr/bx/n on input line 26.
LaTeX Font Info:    Overwriting symbol font `letters' in version `bold'
(Font)                  OML/cmm/b/it --> OML/lmm/b/it on input line 27.
LaTeX Font Info:    Overwriting symbol font `symbols' in version `bold'
(Font)                  OMS/cmsy/b/n --> OMS/lmsy/b/n on input line 28.
LaTeX Font Info:    Overwriting symbol font `largesymbols' in version `bold'
(Font)                  OMX/cmex/m/n --> OMX/lmex/m/n on input line 29.
LaTeX Font Info:    Overwriting math alphabet `\mathbf' in version `normal'
(Font)                  OT1/cmr/bx/n --> OT1/lmr/bx/n on input line 31.
LaTeX Font Info:    Overwriting math alphabet `\mathsf' in version `normal'
(Font)                  OT1/cmss/m/n --> OT1/lmss/m/n on input line 32.
LaTeX Font Info:    Overwriting math alphabet `\mathit' in version `normal'
(Font)                  OT1/cmr/m/it --> OT1/lmr/m/it on input line 33.
LaTeX Font Info:    Overwriting math alphabet `\mathtt' in version `normal'
(Font)                  OT1/cmtt/m/n --> OT1/lmtt/m/n on input line 34.
LaTeX Font Info:    Overwriting math alphabet `\mathbf' in version `bold'
(Font)                  OT1/cmr/bx/n --> OT1/lmr/bx/n on input line 35.
LaTeX Font Info:    Overwriting math alphabet `\mathsf' in version `bold'
(Font)                  OT1/cmss/bx/n --> OT1/lmss/bx/n on input line 36.
LaTeX Font Info:    Overwriting math alphabet `\mathit' in version `bold'
(Font)                  OT1/cmr/bx/it --> OT1/lmr/bx/it on input line 37.
LaTeX Font Info:    Overwriting math alphabet `\mathtt' in version `bold'
(Font)                  OT1/cmtt/m/n --> OT1/lmtt/m/n on input line 38.
) (C:\Users\ruben\AppData\Roaming\MiKTeX\tex/latex/microtype\microtype.sty
Package: microtype 2025/07/09 v3.2b Micro-typographical refinements (RS)
 (C:\Program Files\MiKTeX\tex/latex/graphics\keyval.sty
Package: keyval 2022/05/29 v1.15 key=value parser (DPC)
\KV@toks@=\toks19
) (C:\Program Files\MiKTeX\tex/latex/etoolbox\etoolbox.sty
Package: etoolbox 2025/10/02 v2.5m e-TeX tools for LaTeX (JAW)
\etb@tempcnta=\count286
)
\MT@toks=\toks20
\MT@tempbox=\box53
\MT@count=\count287
LaTeX Info: Redefining \noprotrusionifhmode on input line 1087.
LaTeX Info: Redefining \leftprotrusion on input line 1088.
\MT@prot@toks=\toks21
LaTeX Info: Redefining \rightprotrusion on input line 1107.
LaTeX Info: Redefining \textls on input line 1449.
\MT@outer@kern=\dimen150
LaTeX Info: Redefining \microtypecontext on input line 2053.
LaTeX Info: Redefining \textmicrotypecontext on input line 2070.
\MT@listname@count=\count288
 (C:\Users\ruben\AppData\Roaming\MiKTeX\tex/latex/microtype\microtype-pdftex.def
File: microtype-pdftex.def 2025/07/09 v3.2b Definitions specific to pdftex (RS)
LaTeX Info: Redefining \lsstyle on input line 944.
LaTeX Info: Redefining \lslig on input line 944.
\MT@outer@space=\skip51
)
Package microtype Info: Loading configuration file microtype.cfg.
 (C:\Users\ruben\AppData\Roaming\MiKTeX\tex/latex/microtype\microtype.cfg
File: microtype.cfg 2025/07/09 v3.2b microtype main configuration file (RS)
)
LaTeX Info: Redefining \microtypesetup on input line 3065.
) (C:\Users\ruben\AppData\Roaming\MiKTeX\tex/latex/setspace\setspace.sty
Package: setspace 2022/12/04 v6.7b set line spacing
) (C:\Program Files\MiKTeX\tex/latex/amsmath\amsmath.sty
Package: amsmath 2025/07/09 v2.17z AMS math features
\@mathmargin=\skip52

For additional information on amsmath, use the `?' option.
(C:\Program Files\MiKTeX\tex/latex/amsmath\amstext.sty
Package: amstext 2024/11/17 v2.01 AMS text
 (C:\Program Files\MiKTeX\tex/latex/amsmath\amsgen.sty
File: amsgen.sty 1999/11/30 v2.0 generic functions
\@emptytoks=\toks22
\ex@=\dimen151
)) (C:\Program Files\MiKTeX\tex/latex/amsmath\amsbsy.sty
Package: amsbsy 1999/11/29 v1.2d Bold Symbols
\pmbraise@=\dimen152
) (C:\Program Files\MiKTeX\tex/latex/amsmath\amsopn.sty
Package: amsopn 2022/04/08 v2.04 operator names
)
\inf@bad=\count289
LaTeX Info: Redefining \frac on input line 233.
\uproot@=\count290
\leftroot@=\count291
LaTeX Info: Redefining \overline on input line 398.
LaTeX Info: Redefining \colon on input line 409.
\classnum@=\count292
\DOTSCASE@=\count293
LaTeX Info: Redefining \ldots on input line 495.
LaTeX Info: Redefining \dots on input line 498.
LaTeX Info: Redefining \cdots on input line 619.
\Mathstrutbox@=\box54
\strutbox@=\box55
LaTeX Info: Redefining \big on input line 721.
LaTeX Info: Redefining \Big on input line 722.
LaTeX Info: Redefining \bigg on input line 723.
LaTeX Info: Redefining \Bigg on input line 724.
\big@size=\dimen153
LaTeX Font Info:    Redeclaring font encoding OML on input line 742.
LaTeX Font Info:    Redeclaring font encoding OMS on input line 743.
\macc@depth=\count294
LaTeX Info: Redefining \bmod on input line 904.
LaTeX Info: Redefining \pmod on input line 909.
LaTeX Info: Redefining \smash on input line 939.
LaTeX Info: Redefining \relbar on input line 969.
LaTeX Info: Redefining \Relbar on input line 970.
\c@MaxMatrixCols=\count295
\dotsspace@=\muskip17
\c@parentequation=\count296
\dspbrk@lvl=\count297
\tag@help=\toks23
\row@=\count298
\column@=\count299
\maxfields@=\count300
\andhelp@=\toks24
\eqnshift@=\dimen154
\alignsep@=\dimen155
\tagshift@=\dimen156
\tagwidth@=\dimen157
\totwidth@=\dimen158
\lineht@=\dimen159
\@envbody=\toks25
\multlinegap=\skip53
\multlinetaggap=\skip54
\mathdisplay@stack=\toks26
LaTeX Info: Redefining \[ on input line 2950.
LaTeX Info: Redefining \] on input line 2951.
) (C:\Program Files\MiKTeX\tex/latex/amsfonts\amssymb.sty
Package: amssymb 2013/01/14 v3.01 AMS font symbols
 (C:\Program Files\MiKTeX\tex/latex/amsfonts\amsfonts.sty
Package: amsfonts 2013/01/14 v3.01 Basic AMSFonts support
\symAMSa=\mathgroup4
\symAMSb=\mathgroup5
LaTeX Font Info:    Redeclaring math symbol \hbar on input line 98.
LaTeX Font Info:    Overwriting math alphabet `\mathfrak' in version `bold'
(Font)                  U/euf/m/n --> U/euf/b/n on input line 106.
)) (C:\Program Files\MiKTeX\tex/latex/graphics\graphicx.sty
Package: graphicx 2024/12/31 v1.2e Enhanced LaTeX Graphics (DPC,SPQR)
 (C:\Program Files\MiKTeX\tex/latex/graphics\graphics.sty
Package: graphics 2024/08/06 v1.4g Standard LaTeX Graphics (DPC,SPQR)
 (C:\Program Files\MiKTeX\tex/latex/graphics\trig.sty
Package: trig 2023/12/02 v1.11 sin cos tan (DPC)
) (C:\Program Files\MiKTeX\tex/latex/graphics-cfg\graphics.cfg
File: graphics.cfg 2016/06/04 v1.11 sample graphics configuration
)
Package graphics Info: Driver file: pdftex.def on input line 106.
 (C:\Program Files\MiKTeX\tex/latex/graphics-def\pdftex.def
File: pdftex.def 2025/09/29 v1.2d Graphics/color driver for pdftex
))
\Gin@req@height=\dimen160
\Gin@req@width=\dimen161
) (C:\Program Files\MiKTeX\tex/latex/pgf/frontendlayer\tikz.sty (C:\Program Files\MiKTeX\tex/latex/pgf/basiclayer\pgf.sty (C:\Program Files\MiKTeX\tex/latex/pgf/utilities\pgfrcs.sty (C:\Program Files\MiKTeX\tex/generic/pgf/utilities\pgfutil-common.tex
\pgfutil@everybye=\toks27
\pgfutil@tempdima=\dimen162
\pgfutil@tempdimb=\dimen163
) (C:\Program Files\MiKTeX\tex/generic/pgf/utilities\pgfutil-latex.def
\pgfutil@abb=\box56
) (C:\Program Files\MiKTeX\tex/generic/pgf/utilities\pgfrcs.code.tex (C:\Program Files\MiKTeX\tex/generic/pgf\pgf.revision.tex)
Package: pgfrcs 2025-08-29 v3.1.11a (3.1.11a)
))
Package: pgf 2025-08-29 v3.1.11a (3.1.11a)
 (C:\Program Files\MiKTeX\tex/latex/pgf/basiclayer\pgfcore.sty (C:\Program Files\MiKTeX\tex/latex/pgf/systemlayer\pgfsys.sty (C:\Program Files\MiKTeX\tex/generic/pgf/systemlayer\pgfsys.code.tex
Package: pgfsys 2025-08-29 v3.1.11a (3.1.11a)
 (C:\Program Files\MiKTeX\tex/generic/pgf/utilities\pgfkeys.code.tex
\pgfkeys@pathtoks=\toks28
\pgfkeys@temptoks=\toks29
 (C:\Program Files\MiKTeX\tex/generic/pgf/utilities\pgfkeyslibraryfiltered.code.tex
\pgfkeys@tmptoks=\toks30
))
\pgf@x=\dimen164
\pgf@y=\dimen165
\pgf@xa=\dimen166
\pgf@ya=\dimen167
\pgf@xb=\dimen168
\pgf@yb=\dimen169
\pgf@xc=\dimen170
\pgf@yc=\dimen171
\pgf@xd=\dimen172
\pgf@yd=\dimen173
\w@pgf@writea=\write3
\r@pgf@reada=\read3
\c@pgf@counta=\count301
\c@pgf@countb=\count302
\c@pgf@countc=\count303
\c@pgf@countd=\count304
\t@pgf@toka=\toks31
\t@pgf@tokb=\toks32
\t@pgf@tokc=\toks33
\pgf@sys@id@count=\count305
 (C:\Program Files\MiKTeX\tex/generic/pgf/systemlayer\pgf.cfg
File: pgf.cfg 2025-08-29 v3.1.11a (3.1.11a)
)
Driver file for pgf: pgfsys-pdftex.def
 (C:\Program Files\MiKTeX\tex/generic/pgf/systemlayer\pgfsys-pdftex.def
File: pgfsys-pdftex.def 2025-08-29 v3.1.11a (3.1.11a)
 (C:\Program Files\MiKTeX\tex/generic/pgf/systemlayer\pgfsys-common-pdf.def
File: pgfsys-common-pdf.def 2025-08-29 v3.1.11a (3.1.11a)
))) (C:\Program Files\MiKTeX\tex/generic/pgf/systemlayer\pgfsyssoftpath.code.tex
File: pgfsyssoftpath.code.tex 2025-08-29 v3.1.11a (3.1.11a)
\pgfsyssoftpath@smallbuffer@items=\count306
\pgfsyssoftpath@bigbuffer@items=\count307
) (C:\Program Files\MiKTeX\tex/generic/pgf/systemlayer\pgfsysprotocol.code.tex
File: pgfsysprotocol.code.tex 2025-08-29 v3.1.11a (3.1.11a)
)) (C:\Program Files\MiKTeX\tex/latex/xcolor\xcolor.sty
Package: xcolor 2024/09/29 v3.02 LaTeX color extensions (UK)
 (C:\Program Files\MiKTeX\tex/latex/graphics-cfg\color.cfg
File: color.cfg 2016/01/02 v1.6 sample color configuration
)
Package xcolor Info: Driver file: pdftex.def on input line 274.
 (C:\Program Files\MiKTeX\tex/latex/graphics\mathcolor.ltx)
Package xcolor Info: Model `cmy' substituted by `cmy0' on input line 1349.
Package xcolor Info: Model `hsb' substituted by `rgb' on input line 1353.
Package xcolor Info: Model `RGB' extended on input line 1365.
Package xcolor Info: Model `HTML' substituted by `rgb' on input line 1367.
Package xcolor Info: Model `Hsb' substituted by `hsb' on input line 1368.
Package xcolor Info: Model `tHsb' substituted by `hsb' on input line 1369.
Package xcolor Info: Model `HSB' substituted by `hsb' on input line 1370.
Package xcolor Info: Model `Gray' substituted by `gray' on input line 1371.
Package xcolor Info: Model `wave' substituted by `hsb' on input line 1372.
) (C:\Program Files\MiKTeX\tex/generic/pgf/basiclayer\pgfcore.code.tex
Package: pgfcore 2025-08-29 v3.1.11a (3.1.11a)
 (C:\Program Files\MiKTeX\tex/generic/pgf/math\pgfmath.code.tex (C:\Program Files\MiKTeX\tex/generic/pgf/math\pgfmathutil.code.tex) (C:\Program Files\MiKTeX\tex/generic/pgf/math\pgfmathparser.code.tex
\pgfmath@dimen=\dimen174
\pgfmath@count=\count308
\pgfmath@box=\box57
\pgfmath@toks=\toks34
\pgfmath@stack@operand=\toks35
\pgfmath@stack@operation=\toks36
) (C:\Program Files\MiKTeX\tex/generic/pgf/math\pgfmathfunctions.code.tex) (C:\Program Files\MiKTeX\tex/generic/pgf/math\pgfmathfunctions.basic.code.tex) (C:\Program Files\MiKTeX\tex/generic/pgf/math\pgfmathfunctions.trigonometric.code.tex) (C:\Program Files\MiKTeX\tex/generic/pgf/math\pgfmathfunctions.random.code.tex) (C:\Program Files\MiKTeX\tex/generic/pgf/math\pgfmathfunctions.comparison.code.tex) (C:\Program Files\MiKTeX\tex/generic/pgf/math\pgfmathfunctions.base.code.tex) (C:\Program Files\MiKTeX\tex/generic/pgf/math\pgfmathfunctions.round.code.tex) (C:\Program Files\MiKTeX\tex/generic/pgf/math\pgfmathfunctions.misc.code.tex) (C:\Program Files\MiKTeX\tex/generic/pgf/math\pgfmathfunctions.integerarithmetics.code.tex) (C:\Program Files\MiKTeX\tex/generic/pgf/math\pgfmathcalc.code.tex) (C:\Program Files\MiKTeX\tex/generic/pgf/math\pgfmathfloat.code.tex
\c@pgfmathroundto@lastzeros=\count309
)) (C:\Program Files\MiKTeX\tex/generic/pgf/math\pgfint.code.tex) (C:\Program Files\MiKTeX\tex/generic/pgf/basiclayer\pgfcorepoints.code.tex
File: pgfcorepoints.code.tex 2025-08-29 v3.1.11a (3.1.11a)
\pgf@picminx=\dimen175
\pgf@picmaxx=\dimen176
\pgf@picminy=\dimen177
\pgf@picmaxy=\dimen178
\pgf@pathminx=\dimen179
\pgf@pathmaxx=\dimen180
\pgf@pathminy=\dimen181
\pgf@pathmaxy=\dimen182
\pgf@xx=\dimen183
\pgf@xy=\dimen184
\pgf@yx=\dimen185
\pgf@yy=\dimen186
\pgf@zx=\dimen187
\pgf@zy=\dimen188
) (C:\Program Files\MiKTeX\tex/generic/pgf/basiclayer\pgfcorepathconstruct.code.tex
File: pgfcorepathconstruct.code.tex 2025-08-29 v3.1.11a (3.1.11a)
\pgf@path@lastx=\dimen189
\pgf@path@lasty=\dimen190
) (C:\Program Files\MiKTeX\tex/generic/pgf/basiclayer\pgfcorepathusage.code.tex
File: pgfcorepathusage.code.tex 2025-08-29 v3.1.11a (3.1.11a)
\pgf@shorten@end@additional=\dimen191
\pgf@shorten@start@additional=\dimen192
) (C:\Program Files\MiKTeX\tex/generic/pgf/basiclayer\pgfcorescopes.code.tex
File: pgfcorescopes.code.tex 2025-08-29 v3.1.11a (3.1.11a)
\pgfpic=\box58
\pgf@hbox=\box59
\pgf@layerbox@main=\box60
\pgf@picture@serial@count=\count310
) (C:\Program Files\MiKTeX\tex/generic/pgf/basiclayer\pgfcoregraphicstate.code.tex
File: pgfcoregraphicstate.code.tex 2025-08-29 v3.1.11a (3.1.11a)
\pgflinewidth=\dimen193
) (C:\Program Files\MiKTeX\tex/generic/pgf/basiclayer\pgfcoretransformations.code.tex
File: pgfcoretransformations.code.tex 2025-08-29 v3.1.11a (3.1.11a)
\pgf@pt@x=\dimen194
\pgf@pt@y=\dimen195
\pgf@pt@temp=\dimen196
) (C:\Program Files\MiKTeX\tex/generic/pgf/basiclayer\pgfcorequick.code.tex
File: pgfcorequick.code.tex 2025-08-29 v3.1.11a (3.1.11a)
) (C:\Program Files\MiKTeX\tex/generic/pgf/basiclayer\pgfcoreobjects.code.tex
File: pgfcoreobjects.code.tex 2025-08-29 v3.1.11a (3.1.11a)
) (C:\Program Files\MiKTeX\tex/generic/pgf/basiclayer\pgfcorepathprocessing.code.tex
File: pgfcorepathprocessing.code.tex 2025-08-29 v3.1.11a (3.1.11a)
) (C:\Program Files\MiKTeX\tex/generic/pgf/basiclayer\pgfcorearrows.code.tex
File: pgfcorearrows.code.tex 2025-08-29 v3.1.11a (3.1.11a)
\pgfarrowsep=\dimen197
) (C:\Program Files\MiKTeX\tex/generic/pgf/basiclayer\pgfcoreshade.code.tex
File: pgfcoreshade.code.tex 2025-08-29 v3.1.11a (3.1.11a)
\pgf@max=\dimen198
\pgf@sys@shading@range@num=\count311
\pgf@shadingcount=\count312
) (C:\Program Files\MiKTeX\tex/generic/pgf/basiclayer\pgfcoreimage.code.tex
File: pgfcoreimage.code.tex 2025-08-29 v3.1.11a (3.1.11a)
) (C:\Program Files\MiKTeX\tex/generic/pgf/basiclayer\pgfcoreexternal.code.tex
File: pgfcoreexternal.code.tex 2025-08-29 v3.1.11a (3.1.11a)
\pgfexternal@startupbox=\box61
) (C:\Program Files\MiKTeX\tex/generic/pgf/basiclayer\pgfcorelayers.code.tex
File: pgfcorelayers.code.tex 2025-08-29 v3.1.11a (3.1.11a)
) (C:\Program Files\MiKTeX\tex/generic/pgf/basiclayer\pgfcoretransparency.code.tex
File: pgfcoretransparency.code.tex 2025-08-29 v3.1.11a (3.1.11a)
) (C:\Program Files\MiKTeX\tex/generic/pgf/basiclayer\pgfcorepatterns.code.tex
File: pgfcorepatterns.code.tex 2025-08-29 v3.1.11a (3.1.11a)
) (C:\Program Files\MiKTeX\tex/generic/pgf/basiclayer\pgfcorerdf.code.tex
File: pgfcorerdf.code.tex 2025-08-29 v3.1.11a (3.1.11a)
))) (C:\Program Files\MiKTeX\tex/generic/pgf/modules\pgfmoduleshapes.code.tex
File: pgfmoduleshapes.code.tex 2025-08-29 v3.1.11a (3.1.11a)
\pgfnodeparttextbox=\box62
) (C:\Program Files\MiKTeX\tex/generic/pgf/modules\pgfmoduleplot.code.tex
File: pgfmoduleplot.code.tex 2025-08-29 v3.1.11a (3.1.11a)
) (C:\Program Files\MiKTeX\tex/latex/pgf/compatibility\pgfcomp-version-0-65.sty
Package: pgfcomp-version-0-65 2025-08-29 v3.1.11a (3.1.11a)
\pgf@nodesepstart=\dimen199
\pgf@nodesepend=\dimen256
) (C:\Program Files\MiKTeX\tex/latex/pgf/compatibility\pgfcomp-version-1-18.sty
Package: pgfcomp-version-1-18 2025-08-29 v3.1.11a (3.1.11a)
)) (C:\Program Files\MiKTeX\tex/latex/pgf/utilities\pgffor.sty (C:\Program Files\MiKTeX\tex/latex/pgf/utilities\pgfkeys.sty (C:\Program Files\MiKTeX\tex/generic/pgf/utilities\pgfkeys.code.tex)) (C:\Program Files\MiKTeX\tex/latex/pgf/math\pgfmath.sty (C:\Program Files\MiKTeX\tex/generic/pgf/math\pgfmath.code.tex)) (C:\Program Files\MiKTeX\tex/generic/pgf/utilities\pgffor.code.tex
Package: pgffor 2025-08-29 v3.1.11a (3.1.11a)
\pgffor@iter=\dimen257
\pgffor@skip=\dimen258
\pgffor@stack=\toks37
\pgffor@toks=\toks38
)) (C:\Program Files\MiKTeX\tex/generic/pgf/frontendlayer/tikz\tikz.code.tex
Package: tikz 2025-08-29 v3.1.11a (3.1.11a)
 (C:\Program Files\MiKTeX\tex/generic/pgf/libraries\pgflibraryplothandlers.code.tex
File: pgflibraryplothandlers.code.tex 2025-08-29 v3.1.11a (3.1.11a)
\pgf@plot@mark@count=\count313
\pgfplotmarksize=\dimen259
)
\tikz@lastx=\dimen260
\tikz@lasty=\dimen261
\tikz@lastxsaved=\dimen262
\tikz@lastysaved=\dimen263
\tikz@lastmovetox=\dimen264
\tikz@lastmovetoy=\dimen265
\tikzleveldistance=\dimen266
\tikzsiblingdistance=\dimen267
\tikz@figbox=\box63
\tikz@figbox@bg=\box64
\tikz@tempbox=\box65
\tikz@tempbox@bg=\box66
\tikztreelevel=\count314
\tikznumberofchildren=\count315
\tikznumberofcurrentchild=\count316
\tikz@fig@count=\count317
 (C:\Program Files\MiKTeX\tex/generic/pgf/modules\pgfmodulematrix.code.tex
File: pgfmodulematrix.code.tex 2025-08-29 v3.1.11a (3.1.11a)
\pgfmatrixcurrentrow=\count318
\pgfmatrixcurrentcolumn=\count319
\pgf@matrix@numberofcolumns=\count320
)
\tikz@expandcount=\count321
 (C:\Program Files\MiKTeX\tex/generic/pgf/frontendlayer/tikz/libraries\tikzlibrarytopaths.code.tex
File: tikzlibrarytopaths.code.tex 2025-08-29 v3.1.11a (3.1.11a)
))) (C:\Program Files\MiKTeX\tex/generic/pgf/frontendlayer/tikz/libraries\tikzlibrarycalc.code.tex
File: tikzlibrarycalc.code.tex 2025-08-29 v3.1.11a (3.1.11a)
) (C:\Program Files\MiKTeX\tex/generic/pgf/libraries\pgflibraryarrows.meta.code.tex
File: pgflibraryarrows.meta.code.tex 2025-08-29 v3.1.11a (3.1.11a)
\pgfarrowinset=\dimen268
\pgfarrowlength=\dimen269
\pgfarrowwidth=\dimen270
\pgfarrowlinewidth=\dimen271
) (C:\Program Files\MiKTeX\tex/generic/pgf/frontendlayer/tikz/libraries\tikzlibrarypositioning.code.tex
File: tikzlibrarypositioning.code.tex 2025-08-29 v3.1.11a (3.1.11a)
) (C:\Program Files\MiKTeX\tex/generic/pgf/frontendlayer/tikz/libraries\tikzlibrarypatterns.code.tex
File: tikzlibrarypatterns.code.tex 2025-08-29 v3.1.11a (3.1.11a)
 (C:\Program Files\MiKTeX\tex/generic/pgf/libraries\pgflibrarypatterns.code.tex
File: pgflibrarypatterns.code.tex 2025-08-29 v3.1.11a (3.1.11a)
)) (C:\Program Files\MiKTeX\tex/generic/pgf/frontendlayer/tikz/libraries\tikzlibraryangles.code.tex
File: tikzlibraryangles.code.tex 2025-08-29 v3.1.11a (3.1.11a)
) (C:\Program Files\MiKTeX\tex/generic/pgf/frontendlayer/tikz/libraries\tikzlibraryquotes.code.tex
File: tikzlibraryquotes.code.tex 2025-08-29 v3.1.11a (3.1.11a)
) (C:\Program Files\MiKTeX\tex/generic/pgf/frontendlayer/tikz/libraries\tikzlibrarybabel.code.tex
File: tikzlibrarybabel.code.tex 2025-08-29 v3.1.11a (3.1.11a)
) (C:\Program Files\MiKTeX\tex/generic/pgf/frontendlayer/tikz/libraries\tikzlibrarydecorations.pathmorphing.code.tex (C:\Program Files\MiKTeX\tex/generic/pgf/frontendlayer/tikz/libraries\tikzlibrarydecorations.code.tex (C:\Program Files\MiKTeX\tex/generic/pgf/modules\pgfmoduledecorations.code.tex
\pgfdecoratedcompleteddistance=\dimen272
\pgfdecoratedremainingdistance=\dimen273
\pgfdecoratedinputsegmentcompleteddistance=\dimen274
\pgfdecoratedinputsegmentremainingdistance=\dimen275
\pgf@decorate@distancetomove=\dimen276
\pgf@decorate@repeatstate=\count322
\pgfdecorationsegmentamplitude=\dimen277
\pgfdecorationsegmentlength=\dimen278
)
\tikz@lib@dec@box=\box67
) (C:\Program Files\MiKTeX\tex/generic/pgf/libraries/decorations\pgflibrarydecorations.pathmorphing.code.tex)) (C:\Program Files\MiKTeX\tex/generic/pgf/frontendlayer/tikz/libraries\tikzlibraryshapes.geometric.code.tex
File: tikzlibraryshapes.geometric.code.tex 2025-08-29 v3.1.11a (3.1.11a)
 (C:\Program Files\MiKTeX\tex/generic/pgf/libraries/shapes\pgflibraryshapes.geometric.code.tex
File: pgflibraryshapes.geometric.code.tex 2025-08-29 v3.1.11a (3.1.11a)
)) (C:\Program Files\MiKTeX\tex/generic/pgf/frontendlayer/tikz/libraries\tikzlibraryshapes.misc.code.tex
File: tikzlibraryshapes.misc.code.tex 2025-08-29 v3.1.11a (3.1.11a)
 (C:\Program Files\MiKTeX\tex/generic/pgf/libraries/shapes\pgflibraryshapes.misc.code.tex
File: pgflibraryshapes.misc.code.tex 2025-08-29 v3.1.11a (3.1.11a)
)) (C:\Program Files\MiKTeX\tex/generic/pgf/frontendlayer/tikz/libraries\tikzlibraryfit.code.tex
File: tikzlibraryfit.code.tex 2025-08-29 v3.1.11a (3.1.11a)
) (C:\Users\ruben\AppData\Roaming\MiKTeX\tex/latex/fancyhdr\fancyhdr.sty
Package: fancyhdr 2025/02/07 v5.2 Extensive control of page headers and footers
\f@nch@headwidth=\skip55
\f@nch@offset@elh=\skip56
\f@nch@offset@erh=\skip57
\f@nch@offset@olh=\skip58
\f@nch@offset@orh=\skip59
\f@nch@offset@elf=\skip60
\f@nch@offset@erf=\skip61
\f@nch@offset@olf=\skip62
\f@nch@offset@orf=\skip63
\f@nch@height=\skip64
\f@nch@footalignment=\skip65
\f@nch@widthL=\skip66
\f@nch@widthC=\skip67
\f@nch@widthR=\skip68
\@temptokenb=\toks39
) (C:\Program Files\MiKTeX\tex/latex/tcolorbox\tcolorbox.sty
Package: tcolorbox 2025/09/09 version 6.8.0 text color boxes
 (C:\Program Files\MiKTeX\tex/latex/tools\verbatim.sty
Package: verbatim 2024-01-22 v1.5x LaTeX2e package for verbatim enhancements
\every@verbatim=\toks40
\verbatim@line=\toks41
\verbatim@in@stream=\read4
) (C:\Program Files\MiKTeX\tex/latex/environ\environ.sty
Package: environ 2014/05/04 v0.3 A new way to define environments
 (C:\Program Files\MiKTeX\tex/latex/trimspaces\trimspaces.sty
Package: trimspaces 2009/09/17 v1.1 Trim spaces around a token list
))
\tcb@titlebox=\box68
\tcb@upperbox=\box69
\tcb@lowerbox=\box70
\tcb@phantombox=\box71
\c@tcbbreakpart=\count323
\c@tcblayer=\count324
\c@tcolorbox@number=\count325
\l__tcobox_tmpa_box=\box72
\l__tcobox_tmpa_dim=\dimen279
\tcb@temp=\box73
\tcb@temp=\box74
\tcb@temp=\box75
\tcb@temp=\box76
) (C:\Users\ruben\AppData\Roaming\MiKTeX\tex/latex/float\float.sty
Package: float 2001/11/08 v1.3d Float enhancements (AL)
\c@float@type=\count326
\float@exts=\toks42
\float@box=\box77
\@float@everytoks=\toks43
\@floatcapt=\box78
) (C:\Users\ruben\AppData\Roaming\MiKTeX\tex/latex/geometry\geometry.sty
Package: geometry 2020/01/02 v5.9 Page Geometry
 (C:\Program Files\MiKTeX\tex/generic/iftex\ifvtex.sty
Package: ifvtex 2019/10/25 v1.7 ifvtex legacy package. Use iftex instead.
 (C:\Program Files\MiKTeX\tex/generic/iftex\iftex.sty
Package: iftex 2024/12/12 v1.0g TeX engine tests
))
\Gm@cnth=\count327
\Gm@cntv=\count328
\c@Gm@tempcnt=\count329
\Gm@bindingoffset=\dimen280
\Gm@wd@mp=\dimen281
\Gm@odd@mp=\dimen282
\Gm@even@mp=\dimen283
\Gm@layoutwidth=\dimen284
\Gm@layoutheight=\dimen285
\Gm@layouthoffset=\dimen286
\Gm@layoutvoffset=\dimen287
\Gm@dimlist=\toks44
 (C:\Users\ruben\AppData\Roaming\MiKTeX\tex/latex/geometry\geometry.cfg)) (C:\Program Files\MiKTeX\tex/latex/hyperref\hyperref.sty
Package: hyperref 2025-07-12 v7.01o Hypertext links for LaTeX
 (C:\Users\ruben\AppData\Roaming\MiKTeX\tex/latex/kvsetkeys\kvsetkeys.sty
Package: kvsetkeys 2022-10-05 v1.19 Key value parser (HO)
) (C:\Users\ruben\AppData\Roaming\MiKTeX\tex/generic/kvdefinekeys\kvdefinekeys.sty
Package: kvdefinekeys 2019-12-19 v1.6 Define keys (HO)
) (C:\Users\ruben\AppData\Roaming\MiKTeX\tex/generic/pdfescape\pdfescape.sty
Package: pdfescape 2019/12/09 v1.15 Implements pdfTeX's escape features (HO)
 (C:\Users\ruben\AppData\Roaming\MiKTeX\tex/generic/ltxcmds\ltxcmds.sty
Package: ltxcmds 2023-12-04 v1.26 LaTeX kernel commands for general use (HO)
) (C:\Program Files\MiKTeX\tex/generic/pdftexcmds\pdftexcmds.sty
Package: pdftexcmds 2020-06-27 v0.33 Utility functions of pdfTeX for LuaTeX (HO)
 (C:\Users\ruben\AppData\Roaming\MiKTeX\tex/generic/infwarerr\infwarerr.sty
Package: infwarerr 2019/12/03 v1.5 Providing info/warning/error messages (HO)
)
Package pdftexcmds Info: \pdf@primitive is available.
Package pdftexcmds Info: \pdf@ifprimitive is available.
Package pdftexcmds Info: \pdfdraftmode found.
)) (C:\Users\ruben\AppData\Roaming\MiKTeX\tex/latex/hycolor\hycolor.sty
Package: hycolor 2020-01-27 v1.10 Color options for hyperref/bookmark (HO)
) (C:\Program Files\MiKTeX\tex/latex/hyperref\nameref.sty
Package: nameref 2025-06-21 v2.57 Cross-referencing by name of section
 (C:\Users\ruben\AppData\Roaming\MiKTeX\tex/latex/refcount\refcount.sty
Package: refcount 2019/12/15 v3.6 Data extraction from label references (HO)
) (C:\Users\ruben\AppData\Roaming\MiKTeX\tex/generic/gettitlestring\gettitlestring.sty
Package: gettitlestring 2019/12/15 v1.6 Cleanup title references (HO)
 (C:\Users\ruben\AppData\Roaming\MiKTeX\tex/latex/kvoptions\kvoptions.sty
Package: kvoptions 2022-06-15 v3.15 Key value format for package options (HO)
))
\c@section@level=\count330
) (C:\Users\ruben\AppData\Roaming\MiKTeX\tex/generic/stringenc\stringenc.sty
Package: stringenc 2019/11/29 v1.12 Convert strings between diff. encodings (HO)
)
\@linkdim=\dimen288
\Hy@linkcounter=\count331
\Hy@pagecounter=\count332
 (C:\Program Files\MiKTeX\tex/latex/hyperref\pd1enc.def
File: pd1enc.def 2025-07-12 v7.01o Hyperref: PDFDocEncoding definition (HO)
Now handling font encoding PD1 ...
... no UTF-8 mapping file for font encoding PD1
) (C:\Users\ruben\AppData\Roaming\MiKTeX\tex/generic/intcalc\intcalc.sty
Package: intcalc 2019/12/15 v1.3 Expandable calculations with integers (HO)
)
\Hy@SavedSpaceFactor=\count333
 (C:\Program Files\MiKTeX\tex/latex/hyperref\puenc.def
File: puenc.def 2025-07-12 v7.01o Hyperref: PDF Unicode definition (HO)
Now handling font encoding PU ...
... no UTF-8 mapping file for font encoding PU
)
Package hyperref Info: Option `hypertexnames' set `false' on input line 4066.
Package hyperref Info: Hyper figures OFF on input line 4195.
Package hyperref Info: Link nesting OFF on input line 4200.
Package hyperref Info: Hyper index ON on input line 4203.
Package hyperref Info: Plain pages OFF on input line 4210.
Package hyperref Info: Backreferencing OFF on input line 4215.
Package hyperref Info: Implicit mode ON; LaTeX internals redefined.
Package hyperref Info: Bookmarks ON on input line 4462.
\c@Hy@tempcnt=\count334
 (C:\Program Files\MiKTeX\tex/latex/url\url.sty
\Urlmuskip=\muskip18
Package: url 2013/09/16  ver 3.4  Verb mode for urls, etc.
)
LaTeX Info: Redefining \url on input line 4801.
\XeTeXLinkMargin=\dimen289
 (C:\Users\ruben\AppData\Roaming\MiKTeX\tex/generic/bitset\bitset.sty
Package: bitset 2019/12/09 v1.3 Handle bit-vector datatype (HO)
 (C:\Users\ruben\AppData\Roaming\MiKTeX\tex/generic/bigintcalc\bigintcalc.sty
Package: bigintcalc 2019/12/15 v1.5 Expandable calculations on big integers (HO)
))
\Fld@menulength=\count335
\Field@Width=\dimen290
\Fld@charsize=\dimen291
Package hyperref Info: Hyper figures OFF on input line 6078.
Package hyperref Info: Link nesting OFF on input line 6083.
Package hyperref Info: Hyper index ON on input line 6086.
Package hyperref Info: backreferencing OFF on input line 6093.
Package hyperref Info: Link coloring OFF on input line 6098.
Package hyperref Info: Link coloring with OCG OFF on input line 6103.
Package hyperref Info: PDF/A mode OFF on input line 6108.
\Hy@abspage=\count336
\c@Item=\count337
\c@Hfootnote=\count338
)
Package hyperref Info: Driver (autodetected): hpdftex.
 (C:\Program Files\MiKTeX\tex/latex/hyperref\hpdftex.def
File: hpdftex.def 2025-07-12 v7.01o Hyperref driver for pdfTeX
\Fld@listcount=\count339
\c@bookmark@seq@number=\count340
 (C:\Users\ruben\AppData\Roaming\MiKTeX\tex/latex/rerunfilecheck\rerunfilecheck.sty
Package: rerunfilecheck 2025-06-21 v1.11 Rerun checks for auxiliary files (HO)
 (C:\Users\ruben\AppData\Roaming\MiKTeX\tex/generic/uniquecounter\uniquecounter.sty
Package: uniquecounter 2019/12/15 v1.4 Provide unlimited unique counter (HO)
)
Package uniquecounter Info: New unique counter `rerunfilecheck' on input line 284.
)
\Hy@SectionHShift=\skip69
) (C:\Users\ruben\AppData\Roaming\MiKTeX\tex/latex/bookmark\bookmark.sty
Package: bookmark 2023-12-10 v1.31 PDF bookmarks (HO)
 (C:\Users\ruben\AppData\Roaming\MiKTeX\tex/latex/bookmark\bkm-pdftex.def
File: bkm-pdftex.def 2023-12-10 v1.31 bookmark driver for pdfTeX and luaTeX (HO)
\BKM@id=\count341
)) (C:\Users\ruben\AppData\Roaming\MiKTeX\tex/latex/caption\caption.sty
Package: caption 2023/08/05 v3.6o Customizing captions (AR)
 (C:\Users\ruben\AppData\Roaming\MiKTeX\tex/latex/caption\caption3.sty
Package: caption3 2023/07/31 v2.4d caption3 kernel (AR)
\caption@tempdima=\dimen292
\captionmargin=\dimen293
\caption@leftmargin=\dimen294
\caption@rightmargin=\dimen295
\caption@width=\dimen296
\caption@indent=\dimen297
\caption@parindent=\dimen298
\caption@hangindent=\dimen299
Package caption Info: Standard document class detected.
)
\c@caption@flags=\count342
\c@continuedfloat=\count343
Package caption Info: float package is loaded.
Package caption Info: hyperref package is loaded.
) (C:\Users\ruben\AppData\Roaming\MiKTeX\tex/latex/enumitem\enumitem.sty
Package: enumitem 2025/02/06 v3.11 Customized lists
\labelindent=\skip70
\enit@outerparindent=\dimen300
\enit@toks=\toks45
\enit@inbox=\box79
\enit@count@id=\count344
\enitdp@description=\count345
) (C:\Users\ruben\AppData\Roaming\MiKTeX\tex/latex/mhchem\mhchem.sty
Package: mhchem 2024/01/29 v4.10 for typesetting chemical formulae
 (C:\Program Files\MiKTeX\tex/latex/l3kernel\expl3.sty
Package: expl3 2025-11-06 L3 programming layer (loader) 
 (C:\Program Files\MiKTeX\tex/latex/l3backend\l3backend-pdftex.def
File: l3backend-pdftex.def 2025-10-09 L3 backend support: PDF output (pdfTeX)
\l__color_backend_stack_int=\count346
)) (C:\Program Files\MiKTeX\tex/latex/l3packages/l3keys2e\l3keys2e.sty
Package: l3keys2e 2025-10-09 LaTeX2e option processing using LaTeX3 keys
)
(C:\Program Files\MiKTeX\tex/latex/tools\calc.sty
Package: calc 2025/03/01 v4.3b Infix arithmetic (KKT,FJ)
\calc@Acount=\count347
\calc@Bcount=\count348
\calc@Adimen=\dimen301
\calc@Bdimen=\dimen302
\calc@Askip=\skip71
\calc@Bskip=\skip72
LaTeX Info: Redefining \setlength on input line 86.
LaTeX Info: Redefining \addtolength on input line 87.
\calc@Ccount=\count349
\calc@Cskip=\skip73
) (C:\Users\ruben\AppData\Roaming\MiKTeX\tex/latex/chemgreek\chemgreek.sty (C:\Program Files\MiKTeX\tex/latex/l3packages/xparse\xparse.sty
Package: xparse 2025-10-09 L3 Experimental document command parser
)
Package: chemgreek 2020/01/16 v1.1a interface for upright Greek letters for use in chemistry (CN)
\l__chemgreek_tmpa_int=\count350
\g__chemgreek_tmpa_int=\count351
)
\l__mhchem_ce_distanceFromLastComma_int=\count352
\__mhchem_arrow_extPgfLength_skip=\skip74
\mhchem@minispace@tmp=\skip75
\mhchem@minibackspace@tmp=\skip76
\mhchem@bondwidth=\skip77
\mhchem@bondheight=\skip78
\mhchem@smallbondwidth@tmpA=\skip79
\mhchem@smallbondwidth@tmpB=\skip80
\mhchem@smallbondwidth=\skip81
\mhchem@bondtmp@minussidebearingleft=\skip82
\mhchem@bondtmp@minussidebearingright=\skip83
\l__mhchem_option_version_int=\count353
\mhchem@option@minusmathsidebearingleft=\dimen303
\mhchem@option@minusmathsidebearingright=\dimen304
\mhchem@option@minustextsidebearingleft=\dimen305
\mhchem@option@minustextsidebearingright=\dimen306
) (productie-macros.sty

LaTeX Warning: You have requested package `./productie-macros',
               but the package provides `productie-macros'.

Package: productie-macros 2025/12/20 Productie macros: frm, formularium, fig

LaTeX Warning: You have requested package `./productie-macros',
               but the package provides `productie-macros'.

Package: productie-macros 2025/12/20 Productie macros: frm, formularium, fig
(C:\Users\ruben\AppData\Roaming\MiKTeX\tex/latex/xstring\xstring.sty (C:\Users\ruben\AppData\Roaming\MiKTeX\tex/generic/xstring\xstring.tex
\xs_counta=\count354
\xs_countb=\count355
)
Package: xstring 2023/08/22 v1.86 String manipulations (CT)
)
\c@FormulariumEntryCounter=\count356
) (C:\Users\ruben\AppData\Roaming\MiKTeX\tex/latex/siunitx\siunitx.sty
Package: siunitx 2025-07-09 v3.4.14 A comprehensive (SI) units package
\l__siunitx_number_uncert_offset_int=\count357
\l__siunitx_number_exponent_fixed_int=\count358
\l__siunitx_number_min_decimal_int=\count359
\l__siunitx_number_min_integer_int=\count360
\l__siunitx_number_round_precision_int=\count361
\l__siunitx_number_lower_threshold_int=\count362
\l__siunitx_number_upper_threshold_int=\count363
\l__siunitx_number_group_first_int=\count364
\l__siunitx_number_group_size_int=\count365
\l__siunitx_number_group_minimum_int=\count366
\l__siunitx_angle_tmp_dim=\dimen307
\l__siunitx_angle_marker_box=\box80
\l__siunitx_angle_unit_box=\box81
\l__siunitx_compound_count_int=\count367
 (C:\Users\ruben\AppData\Roaming\MiKTeX\tex/latex/translations\translations.sty
Package: translations 2022/02/05 v1.12 internationalization of LaTeX2e packages (CN)
)
\l__siunitx_table_tmp_box=\box82
\l__siunitx_table_tmp_dim=\dimen308
\l__siunitx_table_column_width_dim=\dimen309
\l__siunitx_table_integer_box=\box83
\l__siunitx_table_decimal_box=\box84
\l__siunitx_table_uncert_box=\box85
\l__siunitx_table_before_box=\box86
\l__siunitx_table_after_box=\box87
\l__siunitx_table_before_dim=\dimen310
\l__siunitx_table_carry_dim=\dimen311
\l__siunitx_unit_tmp_int=\count368
\l__siunitx_unit_position_int=\count369
\l__siunitx_unit_total_int=\count370
 (C:\Program Files\MiKTeX\tex/latex/tools\array.sty
Package: array 2025/09/25 v2.6n Tabular extension package (FMi)
\col@sep=\dimen312
\ar@mcellbox=\box88
\extrarowheight=\dimen313
\NC@list=\toks46
\extratabsurround=\skip84
\backup@length=\skip85
\ar@cellbox=\box89
))

Package siunitx Info: Option "detect-all" has been deprecated in this release.
(siunitx)             
(siunitx)             Use "mode = match, propagate-math-font = true,
(siunitx)             reset-math-version = false, reset-text-family = false,
(siunitx)             reset-text-series = false, reset-text-shape = false,
(siunitx)             text-family-to-math = true, text-series-to-math = true"
(siunitx)             as a replacement.

 (C:\Users\ruben\AppData\Roaming\MiKTeX\tex/latex/booktabs\booktabs.sty
Package: booktabs 2020/01/12 v1.61803398 Publication quality tables
\heavyrulewidth=\dimen314
\lightrulewidth=\dimen315
\cmidrulewidth=\dimen316
\belowrulesep=\dimen317
\belowbottomsep=\dimen318
\aboverulesep=\dimen319
\abovetopsep=\dimen320
\cmidrulesep=\dimen321
\cmidrulekern=\dimen322
\defaultaddspace=\dimen323
\@cmidla=\count371
\@cmidlb=\count372
\@aboverulesep=\dimen324
\@belowrulesep=\dimen325
\@thisruleclass=\count373
\@lastruleclass=\count374
\@thisrulewidth=\dimen326
) (C:\Program Files\MiKTeX\tex/latex/tools\tabularx.sty
Package: tabularx 2023/12/11 v2.12a `tabularx' package (DPC)
\TX@col@width=\dimen327
\TX@old@table=\dimen328
\TX@old@col=\dimen329
\TX@target=\dimen330
\TX@delta=\dimen331
\TX@cols=\count375
\TX@ftn=\toks47
) (C:\Users\ruben\AppData\Roaming\MiKTeX\tex/latex/caption\subcaption.sty
Package: subcaption 2023/07/28 v1.6b Sub-captions (AR)
Package caption Info: New subtype `subfigure' on input line 238.
\c@subfigure=\count376
Package caption Info: New subtype `subtable' on input line 238.
\c@subtable=\count377
) (C:\Users\ruben\AppData\Roaming\MiKTeX\tex/latex/cleveref\cleveref.sty
Package: cleveref 2018/03/27 v0.21.4 Intelligent cross-referencing
Package cleveref Info: `hyperref' support loaded on input line 2370.
LaTeX Info: Redefining \cref on input line 2370.
LaTeX Info: Redefining \Cref on input line 2370.
LaTeX Info: Redefining \crefrange on input line 2370.
LaTeX Info: Redefining \Crefrange on input line 2370.
LaTeX Info: Redefining \cpageref on input line 2370.
LaTeX Info: Redefining \Cpageref on input line 2370.
LaTeX Info: Redefining \cpagerefrange on input line 2370.
LaTeX Info: Redefining \Cpagerefrange on input line 2370.
LaTeX Info: Redefining \labelcref on input line 2370.
LaTeX Info: Redefining \labelcpageref on input line 2370.
Package cleveref Info: always capitalise cross-reference names on input line 7825.
Package cleveref Info: always capitalise cross-reference names on input line 7852.
)
==> First Aid for cleveref.sty applied!
(C:\Users\ruben\AppData\Roaming\MiKTeX\tex/latex/titlesec\titlesec.sty
Package: titlesec 2025/01/04 v2.17 Sectioning titles
\ttl@box=\box90
\beforetitleunit=\skip86
\aftertitleunit=\skip87
\ttl@plus=\dimen332
\ttl@minus=\dimen333
\ttl@toksa=\toks48
\titlewidth=\dimen334
\titlewidthlast=\dimen335
\titlewidthfirst=\dimen336
) (C:\Users\ruben\AppData\Roaming\MiKTeX\tex/latex/placeins\placeins.sty
Package: placeins 2005/04/18  v 2.2
) (C:\Program Files\MiKTeX\tex/latex/base\flafter.sty
Package: flafter 2025/08/22 v1.4z Standard LaTeX floats after reference (FMi)
Applying: [2025/06/01] float order in 2-column on input line 49.
Already applied: [2015/01/01] float order in 2-column on input line 152.
Already applied: [0000/00/00] float order in 2-column on input line 254.
)
LaTeX Font Info:    Trying to load font information for T1+lmr on input line 162.
 (C:\Program Files\MiKTeX\tex/latex/lm\t1lmr.fd
File: t1lmr.fd 2015/05/01 v1.6.1 Font defs for Latin Modern
) (ProductieTechnologie-Samenvatting-RubenRyckaert.aux
Package babel Info: 'dutch' activates 'dutch' shorthands.
(babel)             Reported on input line 9.
)
\openout1 = `ProductieTechnologie-Samenvatting-RubenRyckaert.aux'.

LaTeX Font Info:    Checking defaults for OML/cmm/m/it on input line 162.
LaTeX Font Info:    ... okay on input line 162.
LaTeX Font Info:    Checking defaults for OMS/cmsy/m/n on input line 162.
LaTeX Font Info:    ... okay on input line 162.
LaTeX Font Info:    Checking defaults for OT1/cmr/m/n on input line 162.
LaTeX Font Info:    ... okay on input line 162.
LaTeX Font Info:    Checking defaults for T1/cmr/m/n on input line 162.
LaTeX Font Info:    ... okay on input line 162.
LaTeX Font Info:    Checking defaults for TS1/cmr/m/n on input line 162.
LaTeX Font Info:    ... okay on input line 162.
LaTeX Font Info:    Checking defaults for OMX/cmex/m/n on input line 162.
LaTeX Font Info:    ... okay on input line 162.
LaTeX Font Info:    Checking defaults for U/cmr/m/n on input line 162.
LaTeX Font Info:    ... okay on input line 162.
LaTeX Font Info:    Checking defaults for PD1/pdf/m/n on input line 162.
LaTeX Font Info:    ... okay on input line 162.
LaTeX Font Info:    Checking defaults for PU/pdf/m/n on input line 162.
LaTeX Font Info:    ... okay on input line 162.
LaTeX Info: Redefining \microtypecontext on input line 162.
Package microtype Info: Applying patch `item' on input line 162.
Package microtype Info: Applying patch `toc' on input line 162.
Package microtype Info: Applying patch `eqnum' on input line 162.
Package microtype Info: Applying patch `footnote' on input line 162.
Package microtype Info: Applying patch `verbatim' on input line 162.
LaTeX Info: Redefining \microtypesetup on input line 162.
Package microtype Info: Generating PDF output.
Package microtype Info: Character protrusion enabled (level 2).
Package microtype Info: Using default protrusion set `alltext'.
Package microtype Info: Automatic font expansion enabled (level 2),
(microtype)             stretch: 10, shrink: 10, step: 1, non-selected.
Package microtype Info: Using default expansion set `alltext-nott'.
Package microtype Info: Patching command `\showhyphens'.
Package microtype Info: Tracking enabled.
Package microtype Info: Using default tracking set `smallcaps'.
Package microtype Info: Adjustment of interword spacing enabled.
Package microtype Info: Using default spacing set `alltext-nott'.
Package microtype Info: Adjustment of character kerning enabled.
Package microtype Info: Using default kerning set `alltext'.
 (C:\Users\ruben\AppData\Roaming\MiKTeX\tex/latex/microtype\mt-cmr.cfg
File: mt-cmr.cfg 2013/05/19 v2.2 microtype config. file: Computer Modern Roman (RS)
) (C:\Program Files\MiKTeX\tex/context/base/mkii\supp-pdf.mkii
[Loading MPS to PDF converter (version 2006.09.02).]
\scratchcounter=\count378
\scratchdimen=\dimen337
\scratchbox=\box91
\nofMPsegments=\count379
\nofMParguments=\count380
\everyMPshowfont=\toks49
\MPscratchCnt=\count381
\MPscratchDim=\dimen338
\MPnumerator=\count382
\makeMPintoPDFobject=\count383
\everyMPtoPDFconversion=\toks50
) (C:\Program Files\MiKTeX\tex/latex/epstopdf-pkg\epstopdf-base.sty
Package: epstopdf-base 2020-01-24 v2.11 Base part for package epstopdf
Package epstopdf-base Info: Redefining graphics rule for `.eps' on input line 485.
 (C:\Program Files\MiKTeX\tex/latex/00miktex\epstopdf-sys.cfg
File: epstopdf-sys.cfg 2021/03/18 v2.0 Configuration of epstopdf for MiKTeX
))
*geometry* driver: auto-detecting
*geometry* detected driver: pdftex
*geometry* verbose mode - [ preamble ] result:
* driver: pdftex
* paper: a4paper
* layout: <same size as paper>
* layoutoffset:(h,v)=(0.0pt,0.0pt)
* modes: twoside 
* h-part:(L,W,R)=(56.9055pt, 483.69687pt, 56.9055pt)
* v-part:(T,H,B)=(71.13188pt, 702.78308pt, 71.13188pt)
* \paperwidth=597.50787pt
* \paperheight=845.04684pt
* \textwidth=483.69687pt
* \textheight=702.78308pt
* \oddsidemargin=-15.36449pt
* \evensidemargin=-15.36449pt
* \topmargin=-38.1381pt
* \headheight=14.0pt
* \headsep=25.0pt
* \topskip=12.0pt
* \footskip=30.0pt
* \marginparwidth=85.0pt
* \marginparsep=10.0pt
* \columnsep=10.0pt
* \skip\footins=10.8pt plus 4.0pt minus 2.0pt
* \hoffset=0.0pt
* \voffset=0.0pt
* \mag=1000
* \@twocolumnfalse
* \@twosidetrue
* \@mparswitchtrue
* \@reversemarginfalse
* (1in=72.27pt=25.4mm, 1cm=28.453pt)

Package hyperref Info: Link coloring OFF on input line 162.
Package caption Info: Begin \AtBeginDocument code.
Package caption Info: End \AtBeginDocument code.

Package chemgreek Info: Activating mapping `default' on line 162.

(C:\Users\ruben\AppData\Roaming\MiKTeX\tex/latex/translations/dicts\translations-basic-dictionary-dutch.trsl
File: translations-basic-dictionary-dutch.trsl (dutch translation file `translations-basic-dictionary')
)
Package translations Info: loading dictionary `translations-basic-dictionary' for `dutch'. on input line 162.


Package productie-macros Warning: If you see ``No hyphenation patterns were preloaded for the language "Dutch"'' please install Dutch hyphenation patterns and rebuild your TeX format (e.g., using tlmgr). on input line 162.

LaTeX Font Info:    Trying to load font information for OT1+lmr on input line 164.
(C:\Program Files\MiKTeX\tex/latex/lm\ot1lmr.fd
File: ot1lmr.fd 2015/05/01 v1.6.1 Font defs for Latin Modern
)
LaTeX Font Info:    Trying to load font information for OML+lmm on input line 164.
 (C:\Program Files\MiKTeX\tex/latex/lm\omllmm.fd
File: omllmm.fd 2015/05/01 v1.6.1 Font defs for Latin Modern
)
LaTeX Font Info:    Trying to load font information for OMS+lmsy on input line 164.
 (C:\Program Files\MiKTeX\tex/latex/lm\omslmsy.fd
File: omslmsy.fd 2015/05/01 v1.6.1 Font defs for Latin Modern
)
LaTeX Font Info:    Trying to load font information for OMX+lmex on input line 164.
 (C:\Program Files\MiKTeX\tex/latex/lm\omxlmex.fd
File: omxlmex.fd 2015/05/01 v1.6.1 Font defs for Latin Modern
)
LaTeX Font Info:    External font `lmex10' loaded for size
(Font)              <14.4> on input line 164.
LaTeX Font Info:    External font `lmex10' loaded for size
(Font)              <10> on input line 164.
LaTeX Font Info:    External font `lmex10' loaded for size
(Font)              <7> on input line 164.
LaTeX Font Info:    Trying to load font information for U+msa on input line 164.
 (C:\Program Files\MiKTeX\tex/latex/amsfonts\umsa.fd
File: umsa.fd 2013/01/14 v3.01 AMS symbols A
) (C:\Users\ruben\AppData\Roaming\MiKTeX\tex/latex/microtype\mt-msa.cfg
File: mt-msa.cfg 2006/02/04 v1.1 microtype config. file: AMS symbols (a) (RS)
)
LaTeX Font Info:    Trying to load font information for U+msb on input line 164.
 (C:\Program Files\MiKTeX\tex/latex/amsfonts\umsb.fd
File: umsb.fd 2013/01/14 v3.01 AMS symbols B
) (C:\Users\ruben\AppData\Roaming\MiKTeX\tex/latex/microtype\mt-msb.cfg
File: mt-msb.cfg 2005/06/01 v1.0 microtype config. file: AMS symbols (b) (RS)
) [1

{C:/Users/ruben/AppData/Local/MiKTeX/fonts/map/pdftex/pdftex.map}{C:/Program Files/MiKTeX/fonts/enc/dvips/lm/lm-ec.enc}] (ProductieTechnologie-Samenvatting-RubenRyckaert.toc
LaTeX Font Info:    External font `lmex10' loaded for size
(Font)              <12> on input line 3.
LaTeX Font Info:    External font `lmex10' loaded for size
(Font)              <8> on input line 3.
LaTeX Font Info:    External font `lmex10' loaded for size
(Font)              <6> on input line 3.
 [2{C:/Program Files/MiKTeX/fonts/enc/dvips/lm/lm-mathit.enc}]
Package babel Info: 'dutch' activates 'dutch' shorthands.
(babel)             Reported on input line 77.
 [3] [4] [5])
\tf@toc=\write4
\openout4 = `ProductieTechnologie-Samenvatting-RubenRyckaert.toc'.

 [6{C:/Program Files/MiKTeX/fonts/enc/dvips/lm/lm-rm.enc}{C:/Program Files/MiKTeX/fonts/enc/dvips/lm/lm-mathsy.enc}] [7]
LaTeX Font Info:    Trying to load font information for TS1+lmr on input line 173.
 (C:\Program Files\MiKTeX\tex/latex/lm\ts1lmr.fd
File: ts1lmr.fd 2015/05/01 v1.6.1 Font defs for Latin Modern
)

Package microtype Warning: I cannot find a spacing list for font
(microtype)                `TS1/lmr/m/n/12' (context: `nonfrench'). Switching off
(microtype)                spacing for this font on input line 173.


Package microtype Warning: I cannot find a spacing list for font
(microtype)                `TS1/lmr/m/n/8' (context: `nonfrench'). Switching off
(microtype)                spacing for this font on input line 173.

[8{C:/Program Files/MiKTeX/fonts/enc/dvips/lm/lm-mathex.enc}{C:/Program Files/MiKTeX/fonts/enc/dvips/lm/lm-ts1.enc}]
Hoofdstuk 1.
[9]
<straalbewerkingen.png, id=432, 451.6875pt x 364.36125pt>
File: straalbewerkingen.png Graphic file (type png)
<use straalbewerkingen.png>
Package pdftex.def Info: straalbewerkingen.png  used on input line 208.
(pdftex.def)             Requested size: 241.84843pt x 195.09535pt.
 [10 <./straalbewerkingen.png>]
<image1.png, id=440, 460.72125pt x 395.97937pt>
File: image1.png Graphic file (type png)
<use image1.png>
Package pdftex.def Info: image1.png  used on input line 265.
(pdftex.def)             Requested size: 154.78653pt x 133.03003pt.
<image2.png, id=441, 496.10344pt x 389.95688pt>
File: image2.png Graphic file (type png)
<use image2.png>
Package pdftex.def Info: image2.png  used on input line 266.
(pdftex.def)             Requested size: 154.78653pt x 121.66486pt.
<image3.png, id=442, 763.35187pt x 395.22656pt>
File: image3.png Graphic file (type png)
<use image3.png>
Package pdftex.def Info: image3.png  used on input line 267.
(pdftex.def)             Requested size: 154.78653pt x 80.14148pt.
<image5.png, id=443, 477.28313pt x 383.18156pt>
File: image5.png Graphic file (type png)
<use image5.png>
Package pdftex.def Info: image5.png  used on input line 277.
(pdftex.def)             Requested size: 241.84843pt x 194.16292pt.
 [11 <./image1.png> <./image2.png> <./image3.png>]
<image6.png, id=452, 401.24907pt x 493.0922pt>
File: image6.png Graphic file (type png)
<use image6.png>
Package pdftex.def Info: image6.png  used on input line 296.
(pdftex.def)             Requested size: 193.47578pt x 237.76501pt.
<image7.png, id=453, 322.20375pt x 402.00188pt>
File: image7.png Graphic file (type png)
<use image7.png>
Package pdftex.def Info: image7.png  used on input line 297.
(pdftex.def)             Requested size: 193.47578pt x 241.39926pt.
 [12 <./image5.png> <./image6.png> <./image7.png>]
Hoofdstuk 2.
<image9.png, id=463, 380.17032pt x 239.39438pt>
File: image9.png Graphic file (type png)
<use image9.png>
Package pdftex.def Info: image9.png  used on input line 320.
(pdftex.def)             Requested size: 241.84843pt x 152.295pt.
[13 <./image9.png>]
LaTeX Font Info:    External font `lmex10' loaded for size
(Font)              <5> on input line 343.

Hoofdstuk 3.
[14]
<image10.png, id=478, 636.87938pt x 335.00156pt>
File: image10.png Graphic file (type png)
<use image10.png>
Package pdftex.def Info: image10.png  used on input line 397.
(pdftex.def)             Requested size: 290.22107pt x 152.65596pt.
<image11.png, id=479, 967.36406pt x 426.84468pt>
File: image11.png Graphic file (type png)
<use image11.png>
Package pdftex.def Info: image11.png  used on input line 416.
(pdftex.def)             Requested size: 386.95897pt x 170.74136pt.
 [15 <./image10.png>]
<image20.png, id=487, 328.22626pt x 189.70876pt>
File: image20.png Graphic file (type png)
<use image20.png>
Package pdftex.def Info: image20.png  used on input line 429.
(pdftex.def)             Requested size: 193.47578pt x 111.82587pt.
 [16 <./image11.png> <./image20.png>]
<image12.png, id=494, 377.15906pt x 332.74312pt>
File: image12.png Graphic file (type png)
<use image12.png>
Package pdftex.def Info: image12.png  used on input line 449.
(pdftex.def)             Requested size: 193.47578pt x 170.69188pt.
<image14.png, id=495, 440.39531pt x 171.64125pt>
File: image14.png Graphic file (type png)
<use image14.png>
Package pdftex.def Info: image14.png  used on input line 456.
(pdftex.def)             Requested size: 193.47578pt x 75.40451pt.
 [17 <./image12.png> <./image14.png>]
<image15.png, id=504, 490.83376pt x 349.305pt>
File: image15.png Graphic file (type png)
<use image15.png>
Package pdftex.def Info: image15.png  used on input line 486.
(pdftex.def)             Requested size: 241.84843pt x 172.10966pt.
<image16.png, id=505, 366.61969pt x 419.31656pt>
File: image16.png Graphic file (type png)
<use image16.png>
Package pdftex.def Info: image16.png  used on input line 508.
(pdftex.def)             Requested size: 193.47578pt x 221.28976pt.
 [18 <./image15.png>]
<image17.png, id=513, 402.75468pt x 346.29375pt>
File: image17.png Graphic file (type png)
<use image17.png>
Package pdftex.def Info: image17.png  used on input line 525.
(pdftex.def)             Requested size: 193.47578pt x 166.3512pt.
<image21.png, id=514, 445.665pt x 327.47343pt>
File: image21.png Graphic file (type png)
<use image21.png>
Package pdftex.def Info: image21.png  used on input line 544.
(pdftex.def)             Requested size: 193.47578pt x 142.16498pt.
 [19 <./image16.png> <./image17.png>]
<image18.png, id=523, 657.95813pt x 188.95593pt>
File: image18.png Graphic file (type png)
<use image18.png>
Package pdftex.def Info: image18.png  used on input line 580.
(pdftex.def)             Requested size: 338.58632pt x 97.23697pt.
 [20 <./image21.png>]
<image23.png, id=530, 481.8pt x 411.78844pt>
File: image23.png Graphic file (type png)
<use image23.png>
Package pdftex.def Info: image23.png  used on input line 609.
(pdftex.def)             Requested size: 241.84843pt x 206.70425pt.
 [21 <./image18.png> <./image23.png>]
<image22.png, id=539, 593.96906pt x 356.0803pt>
File: image22.png Graphic file (type png)
<use image22.png>
Package pdftex.def Info: image22.png  used on input line 618.
(pdftex.def)             Requested size: 241.84843pt x 144.9887pt.
<image25.png, id=540, 525.46312pt x 368.87813pt>
File: image25.png Graphic file (type png)
<use image25.png>
Package pdftex.def Info: image25.png  used on input line 643.
(pdftex.def)             Requested size: 290.22107pt x 203.74477pt.
 [22 <./image22.png>]
<image26.png, id=551, 953.81343pt x 426.09187pt>
File: image26.png Graphic file (type png)
<use image26.png>
Package pdftex.def Info: image26.png  used on input line 665.
(pdftex.def)             Requested size: 483.69687pt x 216.08167pt.
<image27.png, id=552, 450.18187pt x 201.00093pt>
File: image27.png Graphic file (type png)
<use image27.png>
Package pdftex.def Info: image27.png  used on input line 678.
(pdftex.def)             Requested size: 241.84843pt x 107.98375pt.
 [23 <./image25.png> <./image26.png>]
<image28.png, id=561, 814.54312pt x 380.92313pt>
File: image28.png Graphic file (type png)
<use image28.png>
Package pdftex.def Info: image28.png  used on input line 697.
(pdftex.def)             Requested size: 386.95897pt x 180.96361pt.

Hoofdstuk 4.
[24 <./image27.png> <./image28.png>]
<image29.png, id=569, 364.36125pt x 307.1475pt>
File: image29.png Graphic file (type png)
<use image29.png>
Package pdftex.def Info: image29.png  used on input line 726.
(pdftex.def)             Requested size: 217.66211pt x 183.48381pt.
<image30.png, id=570, 317.68687pt x 365.11406pt>
File: image30.png Graphic file (type png)
<use image30.png>
Package pdftex.def Info: image30.png  used on input line 727.
(pdftex.def)             Requested size: 217.66211pt x 250.1629pt.
 [25 <./image29.png> <./image30.png>]
<image31.png, id=583, 294.34969pt x 375.65344pt>
File: image31.png Graphic file (type png)
<use image31.png>
Package pdftex.def Info: image31.png  used on input line 748.
(pdftex.def)             Requested size: 193.47578pt x 246.91747pt.
 [26 <./image31.png>] [27]
<image32.png, id=598, 568.37344pt x 396.7322pt>
File: image32.png Graphic file (type png)
<use image32.png>
Package pdftex.def Info: image32.png  used on input line 823.
(pdftex.def)             Requested size: 386.95897pt x 270.11331pt.
 [28 <./image32.png>]
<image33.png, id=607, 735.49782pt x 361.35pt>
File: image33.png Graphic file (type png)
<use image33.png>
Package pdftex.def Info: image33.png  used on input line 843.
(pdftex.def)             Requested size: 483.69687pt x 237.64813pt.
 [29 <./image33.png>]
<image34.png, id=617, 548.80031pt x 301.8778pt>
File: image34.png Graphic file (type png)
<use image34.png>
Package pdftex.def Info: image34.png  used on input line 880.
(pdftex.def)             Requested size: 217.66211pt x 119.72638pt.
<image35.png, id=618, 448.67625pt x 319.94531pt>
File: image35.png Graphic file (type png)
<use image35.png>
Package pdftex.def Info: image35.png  used on input line 881.
(pdftex.def)             Requested size: 217.66211pt x 155.21234pt.
<image36.png, id=619, 936.49875pt x 414.04688pt>
File: image36.png Graphic file (type png)
<use image36.png>
Package pdftex.def Info: image36.png  used on input line 893.
(pdftex.def)             Requested size: 241.84843pt x 106.9231pt.
 [30 <./image34.png> <./image35.png> <./image36.png>]
<image37.png, id=629, 438.13687pt x 234.8775pt>
File: image37.png Graphic file (type png)
<use image37.png>
Package pdftex.def Info: image37.png  used on input line 908.
(pdftex.def)             Requested size: 217.66211pt x 116.68582pt.
<image38.png, id=630, 295.1025pt x 203.25937pt>
File: image38.png Graphic file (type png)
<use image38.png>
Package pdftex.def Info: image38.png  used on input line 909.
(pdftex.def)             Requested size: 217.66211pt x 149.92264pt.
 [31 <./image37.png> <./image38.png>]
Underfull \hbox (badness 10000) in paragraph at lines 951--954

 []

<image39.png, id=638, 429.85594pt x 294.34969pt>
File: image39.png Graphic file (type png)
<use image39.png>
Package pdftex.def Info: image39.png  used on input line 957.
(pdftex.def)             Requested size: 386.95897pt x 264.97963pt.
[32 <./image39.png>]
<image40.png, id=645, 712.91344pt x 289.08pt>
File: image40.png Graphic file (type png)
<use image40.png>
Package pdftex.def Info: image40.png  used on input line 968.
(pdftex.def)             Requested size: 241.84843pt x 98.06534pt.

Underfull \hbox (badness 10000) in paragraph at lines 972--975

 []

Hoofdstuk 5.
[33 <./image40.png>]
<image41.png, id=656, 475.7775pt x 492.33937pt>
File: image41.png Graphic file (type png)
<use image41.png>
Package pdftex.def Info: image41.png  used on input line 1010.
(pdftex.def)             Requested size: 217.66211pt x 225.23929pt.
<image42.png, id=657, 576.65437pt x 447.17062pt>
File: image42.png Graphic file (type png)
<use image42.png>
Package pdftex.def Info: image42.png  used on input line 1011.
(pdftex.def)             Requested size: 217.66211pt x 168.78711pt.
<image43.png, id=659, 267.24844pt x 439.6425pt>
File: image43.png Graphic file (type png)
<use image43.png>
Package pdftex.def Info: image43.png  used on input line 1037.
(pdftex.def)             Requested size: 217.66211pt x 358.08745pt.
 [34 <./image41.png> <./image42.png>] [35 <./image43.png>]
LaTeX Font Info:    External font `lmex10' loaded for size
(Font)              <10.95> on input line 1118.
 [36] [37]
Underfull \hbox (badness 10000) in paragraph at lines 1294--1299

 []

[38]
<image44.png, id=690, 864.22874pt x 405.01312pt>
File: image44.png Graphic file (type png)
<use image44.png>
Package pdftex.def Info: image44.png  used on input line 1377.
(pdftex.def)             Requested size: 386.95897pt x 181.34575pt.
 [39] [40 <./image44.png>]
Hoofdstuk 6.

Underfull \hbox (badness 10000) in paragraph at lines 1477--1485

 []

<image45.png, id=706, 427.5975pt x 189.70876pt>
File: image45.png Graphic file (type png)
<use image45.png>
Package pdftex.def Info: image45.png  used on input line 1507.
(pdftex.def)             Requested size: 290.22107pt x 128.75998pt.
<image46.png, id=707, 298.11375pt x 202.50656pt>
File: image46.png Graphic file (type png)
<use image46.png>
Package pdftex.def Info: image46.png  used on input line 1520.
(pdftex.def)             Requested size: 290.22107pt x 202.7794pt.
[41] [42 <./image45.png> <./image46.png>]
Underfull \hbox (badness 10000) in paragraph at lines 1556--1561

 []

<47.png, id=721, 346.29375pt x 207.02344pt>
File: 47.png Graphic file (type png)
<use 47.png>
Package pdftex.def Info: 47.png  used on input line 1573.
(pdftex.def)             Requested size: 241.84843pt x 144.58688pt.
[43]
<image48.png, id=727, 602.25pt x 201.75375pt>
File: image48.png Graphic file (type png)
<use image48.png>
Package pdftex.def Info: image48.png  used on input line 1586.
(pdftex.def)             Requested size: 386.95897pt x 129.63606pt.

Underfull \hbox (badness 10000) in paragraph at lines 1615--1615
[]|\T1/lmr/m/n/12 (+10) Spelingcompensatie on-mis-
 []


Underfull \hbox (badness 2970) in paragraph at lines 1615--1615
[]|\T1/lmr/m/n/12 (+10) Stijgt ge-lei-de-lijk tij-dens in-
 []

[44 <./47.png> <./image48.png>] [45]
<image49.png, id=741, 470.50781pt x 149.05687pt>
File: image49.png Graphic file (type png)
<use image49.png>
Package pdftex.def Info: image49.png  used on input line 1649.
(pdftex.def)             Requested size: 386.95897pt x 122.58905pt.

Hoofdstuk 7.
[46 <./image49.png>]
<image56.png, id=748, 517.935pt x 246.1697pt>
File: image56.png Graphic file (type png)
<use image56.png>
Package pdftex.def Info: image56.png  used on input line 1684.
(pdftex.def)             Requested size: 386.95897pt x 183.9244pt.

Underfull \hbox (badness 10000) in paragraph at lines 1693--1696

 []

<image57.png, id=749, 283.0575pt x 162.6075pt>
File: image57.png Graphic file (type png)
<use image57.png>
Package pdftex.def Info: image57.png  used on input line 1778.
(pdftex.def)             Requested size: 386.95897pt x 222.31439pt.
[47 <./image56.png>]

Package microtype Warning: I cannot find a spacing list for font
(microtype)                `TS1/lmr/bx/n/12' (context: `nonfrench'). Switching off
(microtype)                spacing for this font on input line 1789.

[48 <./image57.png>]
<image58.png, id=763, 350.81062pt x 244.66406pt>
File: image58.png Graphic file (type png)
<use image58.png>
Package pdftex.def Info: image58.png  used on input line 1808.
(pdftex.def)             Requested size: 386.95897pt x 269.8966pt.
 [49 <./image58.png>]
<image59.png, id=773, 490.83376pt x 248.42813pt>
File: image59.png Graphic file (type png)
<use image59.png>
Package pdftex.def Info: image59.png  used on input line 1862.
(pdftex.def)             Requested size: 386.95897pt x 195.85805pt.
 [50]
Hoofdstuk 8.
[51 <./image59.png>]
Underfull \hbox (badness 10000) in paragraph at lines 1932--1934

 []

<image50.png, id=784, 324.46219pt x 163.3603pt>
File: image50.png Graphic file (type png)
<use image50.png>
Package pdftex.def Info: image50.png  used on input line 1937.
(pdftex.def)             Requested size: 386.95897pt x 194.83987pt.

Underfull \hbox (badness 10000) in paragraph at lines 1942--1945

 []

[52]
<image51.png, id=791, 287.57437pt x 146.79843pt>
File: image51.png Graphic file (type png)
<use image51.png>
Package pdftex.def Info: image51.png  used on input line 1975.
(pdftex.def)             Requested size: 386.95897pt x 197.53764pt.

Underfull \hbox (badness 10000) in paragraph at lines 1980--1984

 []

[53 <./image50.png>]
Underfull \hbox (badness 10000) in paragraph at lines 2006--2009

 []

[54 <./image51.png>]
Underfull \hbox (badness 10000) in paragraph at lines 2014--2019

 []

<image52.png, id=810, 512.66531pt x 301.125pt>
File: image52.png Graphic file (type png)
<use image52.png>
Package pdftex.def Info: image52.png  used on input line 2029.
(pdftex.def)             Requested size: 386.95897pt x 227.29054pt.
[55 <./image52.png>]
<image53.png, id=818, 277.035pt x 146.79843pt>
File: image53.png Graphic file (type png)
<use image53.png>
Package pdftex.def Info: image53.png  used on input line 2050.
(pdftex.def)             Requested size: 290.22107pt x 153.78673pt.
<image54.png, id=819, 536.75531pt x 274.02374pt>
File: image54.png Graphic file (type png)
<use image54.png>
Package pdftex.def Info: image54.png  used on input line 2059.
(pdftex.def)             Requested size: 290.22107pt x 148.16295pt.

Underfull \hbox (badness 10000) in paragraph at lines 2064--2067

 []


Underfull \hbox (badness 10000) in paragraph at lines 2068--2071

 []

<image55.png, id=820, 319.1925pt x 137.01187pt>
File: image55.png Graphic file (type png)
<use image55.png>
Package pdftex.def Info: image55.png  used on input line 2084.
(pdftex.def)             Requested size: 386.95897pt x 166.10056pt.
[56 <./image53.png> <./image54.png>]
Hoofdstuk 9.
[57 <./image55.png>]
<image60.png, id=835, 402.75468pt x 300.3722pt>
File: image60.png Graphic file (type png)
<use image60.png>
Package pdftex.def Info: image60.png  used on input line 2120.
(pdftex.def)             Requested size: 241.84843pt x 180.36678pt.
 [58 <./image60.png>]
<image61.png, id=844, 444.91219pt x 346.29375pt>
File: image61.png Graphic file (type png)
<use image61.png>
Package pdftex.def Info: image61.png  used on input line 2222.
(pdftex.def)             Requested size: 217.66211pt x 169.41592pt.
<image62.png, id=845, 299.61937pt x 225.84375pt>
File: image62.png Graphic file (type png)
<use image62.png>
Package pdftex.def Info: image62.png  used on input line 2223.
(pdftex.def)             Requested size: 217.66211pt x 164.07195pt.
 [59]
<image63.png, id=850, 682.80093pt x 306.39468pt>
File: image63.png Graphic file (type png)
<use image63.png>
Package pdftex.def Info: image63.png  used on input line 2302.
(pdftex.def)             Requested size: 290.22107pt x 130.23238pt.
 [60 <./image61.png> <./image62.png>]
<image64.png, id=863, 489.32813pt x 295.1025pt>
File: image64.png Graphic file (type png)
<use image64.png>
Package pdftex.def Info: image64.png  used on input line 2324.
(pdftex.def)             Requested size: 241.84843pt x 145.85329pt.
 [61 <./image63.png> <./image64.png>]
<image65.png, id=873, 1039.63406pt x 216.81pt>
File: image65.png Graphic file (type png)
<use image65.png>
Package pdftex.def Info: image65.png  used on input line 2344.
(pdftex.def)             Requested size: 386.95897pt x 80.69814pt.


Package microtype Warning: I cannot find a spacing list for font
(microtype)                `TS1/lmr/m/it/10' (context: `nonfrench'). Switching off
(microtype)                spacing for this font on input line 2350.


Package microtype Warning: I cannot find a spacing list for font
(microtype)                `TS1/lmr/m/it/7' (context: `nonfrench'). Switching off
(microtype)                spacing for this font on input line 2350.

<image66.png, id=874, 1042.64531pt x 552.56438pt>
File: image66.png Graphic file (type png)
<use image66.png>
Package pdftex.def Info: image66.png  used on input line 2355.
(pdftex.def)             Requested size: 386.95897pt x 205.06953pt.
[62 <./image65.png> <./image66.png>]
<image67.png, id=884, 636.87938pt x 282.30469pt>
File: image67.png Graphic file (type png)
<use image67.png>
Package pdftex.def Info: image67.png  used on input line 2376.
(pdftex.def)             Requested size: 386.95897pt x 171.525pt.
<image68.png, id=885, 353.06906pt x 185.94469pt>
File: image68.png Graphic file (type png)
<use image68.png>
Package pdftex.def Info: image68.png  used on input line 2384.
(pdftex.def)             Requested size: 145.11053pt x 76.42223pt.
<image69.png, id=886, 307.1475pt x 252.19218pt>
File: image69.png Graphic file (type png)
<use image69.png>
Package pdftex.def Info: image69.png  used on input line 2385.
(pdftex.def)             Requested size: 145.11053pt x 119.14604pt.

Underfull \hbox (badness 10000) in paragraph at lines 2398--2407

 []

[63 <./image67.png> <./image68.png> <./image69.png>]
Underfull \hbox (badness 10000) in paragraph at lines 2408--2410

 []

<image70.png, id=896, 288.3272pt x 307.90031pt>
File: image70.png Graphic file (type png)
<use image70.png>
Package pdftex.def Info: image70.png  used on input line 2433.
(pdftex.def)             Requested size: 145.11053pt x 154.96457pt.

Underfull \hbox (badness 10000) in paragraph at lines 2438--2455

 []

[64]
<image71.png, id=901, 185.94469pt x 388.45125pt>
File: image71.png Graphic file (type png)
<use image71.png>
Package pdftex.def Info: image71.png  used on input line 2458.
(pdftex.def)             Requested size: 145.11053pt x 303.15671pt.
 [65 <./image70.png> <./image71.png>]
<.png, id=910, 463.7325pt x 331.99031pt>
File: .png Graphic file (type png)
<use .png>
Package pdftex.def Info: .png  used on input line 2479.
(pdftex.def)             Requested size: 217.66211pt x 155.82776pt.
<image72.png, id=911, 414.79968pt x 105.39375pt>
File: image72.png Graphic file (type png)
<use image72.png>
Package pdftex.def Info: image72.png  used on input line 2480.
(pdftex.def)             Requested size: 217.66211pt x 55.30359pt.

Underfull \hbox (badness 10000) in paragraph at lines 2499--2504

 []

[66 <./.png> <./image72.png>]
Underfull \hbox (badness 10000) in paragraph at lines 2562--2567

 []

[67]
<image75.png, id=925, 210.7875pt x 198.7425pt>
File: image75.png Graphic file (type png)
<use image75.png>
Package pdftex.def Info: image75.png  used on input line 2594.
(pdftex.def)             Requested size: 145.11053pt x 136.82011pt.

Underfull \hbox (badness 10000) in paragraph at lines 2599--2601

 []

<image73.png, id=926, 252.945pt x 403.5075pt>
File: image73.png Graphic file (type png)
<use image73.png>
Package pdftex.def Info: image73.png  used on input line 2615.
(pdftex.def)             Requested size: 145.11053pt x 231.49165pt.
[68 <./image75.png>]
<image74.png, id=933, 369.63094pt x 380.92313pt>
File: image74.png Graphic file (type png)
<use image74.png>
Package pdftex.def Info: image74.png  used on input line 2630.
(pdftex.def)             Requested size: 193.47578pt x 199.38895pt.
 [69 <./image73.png> <./image74.png>]
Underfull \hbox (badness 10000) in paragraph at lines 2660--2666

 []


Underfull \hbox (badness 10000) in paragraph at lines 2692--2692
[]|\T1/lmr/m/n/12 (+10) Laserstraalbewerking
 []


Underfull \hbox (badness 10000) in paragraph at lines 2692--2692
[]|\T1/lmr/m/n/12 (+10) Elektronenstraalbewerking
 []

[70]
<image76.png, id=949, 246.9225pt x 217.5628pt>
File: image76.png Graphic file (type png)
<use image76.png>
Package pdftex.def Info: image76.png  used on input line 2725.
(pdftex.def)             Requested size: 241.84843pt x 213.09058pt.

Underfull \hbox (badness 10000) in paragraph at lines 2735--2737

 []

[71 <./image76.png>]
<image77.png, id=956, 340.27126pt x 146.04562pt>
File: image77.png Graphic file (type png)
<use image77.png>
Package pdftex.def Info: image77.png  used on input line 2780.
(pdftex.def)             Requested size: 338.58632pt x 145.3299pt.
 [72]
<Type_lasers.png, id=962, 494.59781pt x 232.61906pt>
File: Type_lasers.png Graphic file (type png)
<use Type_lasers.png>
Package pdftex.def Info: Type_lasers.png  used on input line 2819.
(pdftex.def)             Requested size: 386.95897pt x 181.9923pt.

Underfull \hbox (badness 10000) in paragraph at lines 2824--2830

 []

<Reflecteren in functie van de golflengte.png, id=963, 349.305pt x 228.855pt>
File: Reflecteren in functie van de golflengte.png Graphic file (type png)
<use Reflecteren in functie van de golflengte.png>
Package pdftex.def Info: Reflecteren in functie van de golflengte.png  used on input line 2833.
(pdftex.def)             Requested size: 193.47578pt x 126.7611pt.
[73 <./image77.png> <./Type_lasers.png>]
Underfull \hbox (badness 10000) in paragraph at lines 2839--2842

 []

<Absorptie van polycarbonaat.png, id=973, 444.91219pt x 294.34969pt>
File: Absorptie van polycarbonaat.png Graphic file (type png)
<use Absorptie van polycarbonaat.png>
Package pdftex.def Info: Absorptie van polycarbonaat.png  used on input line 2847.
(pdftex.def)             Requested size: 193.47578pt x 128.00064pt.
<Kwaliteit laserstraal.png, id=974, 423.08063pt x 220.57407pt>
File: Kwaliteit laserstraal.png Graphic file (type png)
<use Kwaliteit laserstraal.png>
Package pdftex.def Info: Kwaliteit laserstraal.png  used on input line 2865.
(pdftex.def)             Requested size: 241.84843pt x 126.08864pt.
[74 <./Reflecteren in functie van de golflengte.png> <./Absorptie van polycarbonaat.png>]
<Laserfocussen.png, id=982, 313.17pt x 346.29375pt>
File: Laserfocussen.png Graphic file (type png)
<use Laserfocussen.png>
Package pdftex.def Info: Laserfocussen.png  used on input line 2917.
(pdftex.def)             Requested size: 241.84843pt x 267.4396pt.
 [75 <./Kwaliteit laserstraal.png>]
<NC-lasers.png, id=990, 752.0597pt x 302.63063pt>
File: NC-lasers.png Graphic file (type png)
<use NC-lasers.png>
Package pdftex.def Info: NC-lasers.png  used on input line 2942.
(pdftex.def)             Requested size: 386.95897pt x 155.71567pt.
 [76 <./Laserfocussen.png>]
<Kleinefiguurdoorlasersnijden.png, id=997, 165.61874pt x 157.33781pt>
File: Kleinefiguurdoorlasersnijden.png Graphic file (type png)
<use Kleinefiguurdoorlasersnijden.png>
Package pdftex.def Info: Kleinefiguurdoorlasersnijden.png  used on input line 2961.
(pdftex.def)             Requested size: 193.47578pt x 183.81079pt.
 [77 <./NC-lasers.png> <./Kleinefiguurdoorlasersnijden.png>]
Hoofdstuk 10.

Underfull \hbox (badness 10000) in paragraph at lines 2996--3000

 []


Underfull \hbox (badness 10000) in paragraph at lines 3001--3005

 []

[78]
Underfull \hbox (badness 10000) in paragraph at lines 3005--3011

 []

<Kracht-wegdiagram van Ponsen.png, id=1010, 375.65344pt x 357.58594pt>
File: Kracht-wegdiagram van Ponsen.png Graphic file (type png)
<use Kracht-wegdiagram van Ponsen.png>
Package pdftex.def Info: Kracht-wegdiagram van Ponsen.png  used on input line 3017.
(pdftex.def)             Requested size: 217.66211pt x 207.19809pt.
<Het Ponsprocess.png, id=1011, 367.3725pt x 278.54062pt>
File: Het Ponsprocess.png Graphic file (type png)
<use Het Ponsprocess.png>
Package pdftex.def Info: Het Ponsprocess.png  used on input line 3018.
(pdftex.def)             Requested size: 217.66211pt x 165.03456pt.

Underfull \hbox (badness 10000) in paragraph at lines 3023--3027

 []

[79 <./Kracht-wegdiagram van Ponsen.png> <./Het Ponsprocess.png>]
<image80.png, id=1023, 339.51843pt x 211.54031pt>
File: image80.png Graphic file (type png)
<use image80.png>
Package pdftex.def Info: image80.png  used on input line 3038.
(pdftex.def)             Requested size: 217.66211pt x 135.6145pt.
<snijspleetbelang.png, id=1024, 292.84406pt x 164.86594pt>
File: snijspleetbelang.png Graphic file (type png)
<use snijspleetbelang.png>
Package pdftex.def Info: snijspleetbelang.png  used on input line 3058.
(pdftex.def)             Requested size: 386.95897pt x 217.87273pt.
 [80 <./image80.png> <./snijspleetbelang.png>]
<Schuifspanningen bij Ponsen.png, id=1033, 193.47281pt x 243.15843pt>
File: Schuifspanningen bij Ponsen.png Graphic file (type png)
<use Schuifspanningen bij Ponsen.png>
Package pdftex.def Info: Schuifspanningen bij Ponsen.png  used on input line 3084.
(pdftex.def)             Requested size: 217.66211pt x 273.56369pt.
 [81 <./Schuifspanningen bij Ponsen.png>]
<Fijnsnijden.png, id=1039, 291.33844pt x 253.69781pt>
File: Fijnsnijden.png Graphic file (type png)
<use Fijnsnijden.png>
Package pdftex.def Info: Fijnsnijden.png  used on input line 3126.
(pdftex.def)             Requested size: 386.95897pt x 336.9919pt.
 [82]
<Ruw oppervlakte Knappelen.png, id=1044, 332.74312pt x 300.3722pt>
File: Ruw oppervlakte Knappelen.png Graphic file (type png)
<use Ruw oppervlakte Knappelen.png>
Package pdftex.def Info: Ruw oppervlakte Knappelen.png  used on input line 3164.
(pdftex.def)             Requested size: 193.47578pt x 174.65598pt.
 [83 <./Fijnsnijden.png>]
Underfull \hbox (badness 10000) in paragraph at lines 3169--3171

 []

[84 <./Ruw oppervlakte Knappelen.png>] [85]
Hoofdstuk 11.
[86]
<Tabel van soorten legeringen die gegoten worden.png, id=1068, 934.24031pt x 241.65282pt>
File: Tabel van soorten legeringen die gegoten worden.png Graphic file (type png)
<use Tabel van soorten legeringen die gegoten worden.png>
Package pdftex.def Info: Tabel van soorten legeringen die gegoten worden.png  used on input line 3290.
(pdftex.def)             Requested size: 386.95897pt x 100.0923pt.
 [87 <./Tabel van soorten legeringen die gegoten worden.png>]
<Zandgieten.png, id=1078, 477.28313pt x 446.41782pt>
File: Zandgieten.png Graphic file (type png)
<use Zandgieten.png>
Package pdftex.def Info: Zandgieten.png  used on input line 3343.
(pdftex.def)             Requested size: 217.66211pt x 203.58362pt.
 [88 <./Zandgieten.png>] [89]
<Kernen_gieten.png, id=1089, 662.475pt x 288.3272pt>
File: Kernen_gieten.png Graphic file (type png)
<use Kernen_gieten.png>
Package pdftex.def Info: Kernen_gieten.png  used on input line 3473.
(pdftex.def)             Requested size: 483.69687pt x 210.51668pt.
 [90]
<Autozandvormen.png, id=1098, 554.82281pt x 201.00093pt>
File: Autozandvormen.png Graphic file (type png)
<use Autozandvormen.png>
Package pdftex.def Info: Autozandvormen.png  used on input line 3489.
(pdftex.def)             Requested size: 290.22107pt x 105.14061pt.
 [91 <./Kernen_gieten.png> <./Autozandvormen.png>]
<verlorenwasgieten.png, id=1108, 192.72pt x 352.31625pt>
File: verlorenwasgieten.png Graphic file (type png)
<use verlorenwasgieten.png>
Package pdftex.def Info: verlorenwasgieten.png  used on input line 3534.
(pdftex.def)             Requested size: 193.47578pt x 353.69699pt.
 [92] [93 <./verlorenwasgieten.png>]
<Kostenverschillendetechniekengieten.png, id=1119, 603.0028pt x 369.63094pt>
File: Kostenverschillendetechniekengieten.png Graphic file (type png)
<use Kostenverschillendetechniekengieten.png>
Package pdftex.def Info: Kostenverschillendetechniekengieten.png  used on input line 3635.
(pdftex.def)             Requested size: 483.69687pt x 296.49475pt.
 [94]
Hoofdstuk 12.
[95 <./Kostenverschillendetechniekengieten.png>]
<kenmerkeneneisenmachines.png, id=1131, 972.63374pt x 360.59718pt>
File: kenmerkeneneisenmachines.png Graphic file (type png)
<use kenmerkeneneisenmachines.png>
Package pdftex.def Info: kenmerkeneneisenmachines.png  used on input line 3673.
(pdftex.def)             Requested size: 386.95897pt x 143.4605pt.
 [96 <./kenmerkeneneisenmachines.png>]
<image85.png, id=1138, 301.125pt x 308.65312pt>
File: image85.png Graphic file (type png)
<use image85.png>
Package pdftex.def Info: image85.png  used on input line 3705.
(pdftex.def)             Requested size: 217.66211pt x 223.11078pt.
 [97 <./image85.png>]
LaTeX Font Info:    Trying to load font information for T1+lmtt on input line 3735.
 (C:\Program Files\MiKTeX\tex/latex/lm\t1lmtt.fd
File: t1lmtt.fd 2015/05/01 v1.6.1 Font defs for Latin Modern
)
Package microtype Info: Loading generic protrusion settings for font family
(microtype)             `lmtt' (encoding: T1).
(microtype)             For optimal results, create family-specific settings.
(microtype)             See the microtype manual for details.
LaTeX Font Info:    Trying to load font information for T1+lmss on input line 3768.
 (C:\Program Files\MiKTeX\tex/latex/lm\t1lmss.fd
File: t1lmss.fd 2015/05/01 v1.6.1 Font defs for Latin Modern
)
Package microtype Info: Loading generic protrusion settings for font family
(microtype)             `lmss' (encoding: T1).
(microtype)             For optimal results, create family-specific settings.
(microtype)             See the microtype manual for details.
<WorkflowCADCAM.png, id=1146, 173.89969pt x 295.1025pt>
File: WorkflowCADCAM.png Graphic file (type png)
<use WorkflowCADCAM.png>
Package pdftex.def Info: WorkflowCADCAM.png  used on input line 3809.
(pdftex.def)             Requested size: 145.11053pt x 246.25885pt.
 [98] [99]
Hoofdstuk 13.
[100 <./WorkflowCADCAM.png>] [101]
<positioneren.png, id=1174, 270.25969pt x 459.96844pt>
File: positioneren.png Graphic file (type png)
<use positioneren.png>
Package pdftex.def Info: positioneren.png  used on input line 3891.
(pdftex.def)             Requested size: 217.66211pt x 370.45981pt.
 [102]
<image82.png, id=1179, 231.11343pt x 430.60875pt>
File: image82.png Graphic file (type png)
<use image82.png>
Package pdftex.def Info: image82.png  used on input line 3904.
(pdftex.def)             Requested size: 145.11053pt x 270.37163pt.
<voorkomenbuiging.png, id=1180, 354.57469pt x 264.23718pt>
File: voorkomenbuiging.png Graphic file (type png)
<use voorkomenbuiging.png>
Package pdftex.def Info: voorkomenbuiging.png  used on input line 3911.
(pdftex.def)             Requested size: 145.11053pt x 108.14037pt.
 [103 <./positioneren.png>]
<universeeltegenspecifiek.png, id=1188, 563.85657pt x 292.84406pt>
File: universeeltegenspecifiek.png Graphic file (type png)
<use universeeltegenspecifiek.png>
Package pdftex.def Info: universeeltegenspecifiek.png  used on input line 3922.
(pdftex.def)             Requested size: 145.11053pt x 75.36461pt.
<tolerantie.png, id=1189, 277.78781pt x 505.89pt>
File: tolerantie.png Graphic file (type png)
<use tolerantie.png>
Package pdftex.def Info: tolerantie.png  used on input line 3929.
(pdftex.def)             Requested size: 217.66211pt x 396.3989pt.
<Ruwheid.png, id=1190, 350.81062pt x 392.21532pt>
File: Ruwheid.png Graphic file (type png)
<use Ruwheid.png>
Package pdftex.def Info: Ruwheid.png  used on input line 3930.
(pdftex.def)             Requested size: 217.66211pt x 243.3565pt.
 [104 <./image82.png> <./voorkomenbuiging.png>] [105 <./universeeltegenspecifiek.png> <./tolerantie.png> <./Ruwheid.png>]
<image83.png, id=1208, 875.52094pt x 410.2828pt>
File: image83.png Graphic file (type png)
<use image83.png>
Package pdftex.def Info: image83.png  used on input line 3949.
(pdftex.def)             Requested size: 483.69687pt x 226.67043pt.
 [106 <./image83.png>]
<image84.png, id=1216, 593.96906pt x 310.15875pt>
File: image84.png Graphic file (type png)
<use image84.png>
Package pdftex.def Info: image84.png  used on input line 3974.
(pdftex.def)             Requested size: 241.84843pt x 126.29036pt.


Package caption Warning: The option `hypcap=true' will be ignored for this
(caption)                particular \caption on input line 3975.
See the caption package documentation for explanation.

[107 <./image84.png>]
Hoofdstuk 14.
[108]
<gemaaktEnVastgelegdeKosten.png, id=1228, 458.46281pt x 310.15875pt>
File: gemaaktEnVastgelegdeKosten.png Graphic file (type png)
<use gemaaktEnVastgelegdeKosten.png>
Package pdftex.def Info: gemaaktEnVastgelegdeKosten.png  used on input line 4060.
(pdftex.def)             Requested size: 217.66211pt x 147.2512pt.
<imperfectiefrezen.png, id=1229, 229.60782pt x 126.4725pt>
File: imperfectiefrezen.png Graphic file (type png)
<use imperfectiefrezen.png>
Package pdftex.def Info: imperfectiefrezen.png  used on input line 4067.
(pdftex.def)             Requested size: 193.47578pt x 106.5758pt.
<designenvoortoeslagen.png, id=1230, 430.60875pt x 152.06813pt>
File: designenvoortoeslagen.png Graphic file (type png)
<use designenvoortoeslagen.png>
Package pdftex.def Info: designenvoortoeslagen.png  used on input line 4072.
(pdftex.def)             Requested size: 290.22107pt x 102.49304pt.
 [109 <./gemaaktEnVastgelegdeKosten.png>] [110 <./imperfectiefrezen.png> <./designenvoortoeslagen.png>]
<regelsDFM.png, id=1247, 150.5625pt x 238.64156pt>
File: regelsDFM.png Graphic file (type png)
<use regelsDFM.png>
Package pdftex.def Info: regelsDFM.png  used on input line 4118.
(pdftex.def)             Requested size: 145.11053pt x 230.02182pt.
 [111 <./regelsDFM.png>]
Hoofdstuk 15.
Hoofdstuk 16.
[112] [113] (ProductieTechnologie-Samenvatting-RubenRyckaert.aux)
 ***********
LaTeX2e <2025-11-01>
L3 programming layer <2025-11-06>
 ***********
 ) 
Here is how much of TeX's memory you used:
 41154 strings out of 467871
 850892 string characters out of 5428442
 1241505 words of memory out of 5000000
 68749 multiletter control sequences out of 15000+600000
 770527 words of font info for 253 fonts, out of 8000000 for 9000
 1141 hyphenation exceptions out of 8191
 84i,13n,104p,1046b,1392s stack positions out of 10000i,1000n,20000p,200000b,200000s
<C:/Program Files/MiKTeX/fonts/type1/public/lm/lmbx10.pfb><C:/Program Files/MiKTeX/fonts/type1/public/lm/lmbx12.pfb><C:/Program Files/MiKTeX/fonts/type1/public/lm/lmbx8.pfb><C:/Program Files/MiKTeX/fonts/type1/public/lm/lmbxi10.pfb><C:/Program Files/MiKTeX/fonts/type1/public/lm/lmex10.pfb><C:/Program Files/MiKTeX/fonts/type1/public/lm/lmmi10.pfb><C:/Program Files/MiKTeX/fonts/type1/public/lm/lmmi12.pfb><C:/Program Files/MiKTeX/fonts/type1/public/lm/lmmi6.pfb><C:/Program Files/MiKTeX/fonts/type1/public/lm/lmmi7.pfb><C:/Program Files/MiKTeX/fonts/type1/public/lm/lmmi8.pfb><C:/Program Files/MiKTeX/fonts/type1/public/lm/lmr10.pfb><C:/Program Files/MiKTeX/fonts/type1/public/lm/lmr12.pfb><C:/Program Files/MiKTeX/fonts/type1/public/lm/lmr17.pfb><C:/Program Files/MiKTeX/fonts/type1/public/lm/lmr6.pfb><C:/Program Files/MiKTeX/fonts/type1/public/lm/lmr7.pfb><C:/Program Files/MiKTeX/fonts/type1/public/lm/lmr8.pfb><C:/Program Files/MiKTeX/fonts/type1/public/lm/lmri10.pfb><C:/Program Files/MiKTeX/fonts/type1/public/lm/lmri12.pfb><C:/Program Files/MiKTeX/fonts/type1/public/lm/lmri7.pfb><C:/Program Files/MiKTeX/fonts/type1/public/lm/lmss10.pfb><C:/Program Files/MiKTeX/fonts/type1/public/lm/lmsy10.pfb><C:/Program Files/MiKTeX/fonts/type1/public/lm/lmsy6.pfb><C:/Program Files/MiKTeX/fonts/type1/public/lm/lmsy7.pfb><C:/Program Files/MiKTeX/fonts/type1/public/lm/lmsy8.pfb><C:/Program Files/MiKTeX/fonts/type1/public/lm/lmtt12.pfb>
Output written on ProductieTechnologie-Samenvatting-RubenRyckaert.pdf (113 pages, 11467544 bytes).
PDF statistics:
 1900 PDF objects out of 2073 (max. 8388607)
 420 named destinations out of 1000 (max. 500000)
 86168 words of extra memory for PDF output out of 89155 (max. 10000000)

